[15:14:59] SynLiDAR source scans: 19840  mode=none lambda_w=0.0 cr=1.0
[15:26:41] epoch 0 done in 702s ce=0.640 w=0.0000 nuis_corr=0.345 lr=0.0999
[15:38:14] epoch 1 done in 692s ce=0.405 w=0.0000 nuis_corr=0.343 lr=0.0996
[15:49:46] epoch 2 done in 692s ce=0.321 w=0.0000 nuis_corr=0.342 lr=0.0991
[16:01:12] epoch 3 done in 687s ce=0.277 w=0.0000 nuis_corr=0.318 lr=0.0984
[16:12:22] epoch 4 done in 669s ce=0.238 w=0.0000 nuis_corr=0.309 lr=0.0974
[16:23:17] epoch 5 done in 655s ce=0.214 w=0.0000 nuis_corr=0.286 lr=0.0963
[16:34:13] epoch 6 done in 656s ce=0.207 w=0.0000 nuis_corr=0.302 lr=0.0949
[16:45:09] epoch 7 done in 656s ce=0.186 w=0.0000 nuis_corr=0.280 lr=0.0934
[16:56:05] epoch 8 done in 656s ce=0.177 w=0.0000 nuis_corr=0.278 lr=0.0917
[17:07:00] epoch 9 done in 655s ce=0.164 w=0.0000 nuis_corr=0.309 lr=0.0898
[17:17:55] epoch 10 done in 654s ce=0.167 w=0.0000 nuis_corr=0.293 lr=0.0877
[17:28:48] epoch 11 done in 654s ce=0.165 w=0.0000 nuis_corr=0.282 lr=0.0855
[17:29:24]   EVAL epoch 11: KITTI mIoU=24.07  STF mIoU=14.56
[17:40:17] epoch 12 done in 653s ce=0.157 w=0.0000 nuis_corr=0.294 lr=0.0831
[17:51:10] epoch 13 done in 653s ce=0.148 w=0.0000 nuis_corr=0.283 lr=0.0806
[18:02:02] epoch 14 done in 652s ce=0.154 w=0.0000 nuis_corr=0.289 lr=0.0779
[18:12:53] epoch 15 done in 651s ce=0.141 w=0.0000 nuis_corr=0.288 lr=0.0751
[18:23:44] epoch 16 done in 651s ce=0.140 w=0.0000 nuis_corr=0.261 lr=0.0723
[18:34:34] epoch 17 done in 650s ce=0.134 w=0.0000 nuis_corr=0.264 lr=0.0693
[18:45:24] epoch 18 done in 650s ce=0.119 w=0.0000 nuis_corr=0.239 lr=0.0662
[18:56:14] epoch 19 done in 650s ce=0.124 w=0.0000 nuis_corr=0.258 lr=0.0631
[19:07:03] epoch 20 done in 649s ce=0.115 w=0.0000 nuis_corr=0.241 lr=0.0599
[19:17:51] epoch 21 done in 648s ce=0.120 w=0.0000 nuis_corr=0.243 lr=0.0567
[19:28:39] epoch 22 done in 648s ce=0.112 w=0.0000 nuis_corr=0.261 lr=0.0534
[19:39:26] epoch 23 done in 648s ce=0.106 w=0.0000 nuis_corr=0.244 lr=0.0501
[19:40:02]   EVAL epoch 23: KITTI mIoU=30.51  STF mIoU=22.82
[19:50:49] epoch 24 done in 647s ce=0.106 w=0.0000 nuis_corr=0.273 lr=0.0468
[20:01:36] epoch 25 done in 646s ce=0.101 w=0.0000 nuis_corr=0.253 lr=0.0436
[20:12:22] epoch 26 done in 646s ce=0.100 w=0.0000 nuis_corr=0.258 lr=0.0404
[20:23:07] epoch 27 done in 646s ce=0.090 w=0.0000 nuis_corr=0.247 lr=0.0372
[20:33:52] epoch 28 done in 645s ce=0.095 w=0.0000 nuis_corr=0.229 lr=0.0340
[20:44:55] epoch 29 done in 663s ce=0.094 w=0.0000 nuis_corr=0.245 lr=0.0310
[20:56:15] epoch 30 done in 679s ce=0.083 w=0.0000 nuis_corr=0.250 lr=0.0280
[21:07:34] epoch 31 done in 679s ce=0.075 w=0.0000 nuis_corr=0.238 lr=0.0251
[21:18:38] epoch 32 done in 664s ce=0.078 w=0.0000 nuis_corr=0.241 lr=0.0223
[21:29:54] epoch 33 done in 676s ce=0.082 w=0.0000 nuis_corr=0.249 lr=0.0196
[12:32:32] SynLiDAR source scans: 19840  mode=none lambda_w=0.0 cr=1.0
[12:43:26] epoch 0 done in 652s ce=0.652 w=0.0000 nuis_corr=0.382 lr=0.0999
[12:54:13] epoch 1 done in 647s ce=0.375 w=0.0000 nuis_corr=0.349 lr=0.0996
[13:05:00] epoch 2 done in 647s ce=0.322 w=0.0000 nuis_corr=0.353 lr=0.0991
[13:15:46] epoch 3 done in 646s ce=0.282 w=0.0000 nuis_corr=0.308 lr=0.0984
[13:26:32] epoch 4 done in 646s ce=0.244 w=0.0000 nuis_corr=0.323 lr=0.0974
[13:37:17] epoch 5 done in 645s ce=0.215 w=0.0000 nuis_corr=0.303 lr=0.0963
[13:48:02] epoch 6 done in 645s ce=0.200 w=0.0000 nuis_corr=0.294 lr=0.0949
[13:58:47] epoch 7 done in 645s ce=0.185 w=0.0000 nuis_corr=0.283 lr=0.0934
[14:09:32] epoch 8 done in 644s ce=0.180 w=0.0000 nuis_corr=0.305 lr=0.0917
[14:20:16] epoch 9 done in 644s ce=0.164 w=0.0000 nuis_corr=0.325 lr=0.0898
[14:31:00] epoch 10 done in 644s ce=0.156 w=0.0000 nuis_corr=0.336 lr=0.0877
[14:41:43] epoch 11 done in 644s ce=0.154 w=0.0000 nuis_corr=0.340 lr=0.0855
[14:42:19]   EVAL epoch 11: KITTI mIoU=7.58  STF mIoU=5.39
[14:53:02] epoch 12 done in 643s ce=0.153 w=0.0000 nuis_corr=0.347 lr=0.0831
[15:03:46] epoch 13 done in 643s ce=0.143 w=0.0000 nuis_corr=0.375 lr=0.0806
[15:14:28] epoch 14 done in 642s ce=0.144 w=0.0000 nuis_corr=0.333 lr=0.0779
[15:25:09] epoch 15 done in 641s ce=0.132 w=0.0000 nuis_corr=0.340 lr=0.0751
[15:35:49] epoch 16 done in 641s ce=0.146 w=0.0000 nuis_corr=0.344 lr=0.0723
[15:46:29] epoch 17 done in 640s ce=0.126 w=0.0000 nuis_corr=0.311 lr=0.0693
[15:57:09] epoch 18 done in 640s ce=0.127 w=0.0000 nuis_corr=0.299 lr=0.0662
[16:07:49] epoch 19 done in 639s ce=0.125 w=0.0000 nuis_corr=0.337 lr=0.0631
[16:18:28] epoch 20 done in 639s ce=0.115 w=0.0000 nuis_corr=0.276 lr=0.0599
[16:29:06] epoch 21 done in 638s ce=0.125 w=0.0000 nuis_corr=0.273 lr=0.0567
[16:39:43] epoch 22 done in 637s ce=0.121 w=0.0000 nuis_corr=0.275 lr=0.0534
[16:50:21] epoch 23 done in 638s ce=0.110 w=0.0000 nuis_corr=0.261 lr=0.0501
[16:50:56]   EVAL epoch 23: KITTI mIoU=29.32  STF mIoU=22.57
[17:01:34] epoch 24 done in 638s ce=0.118 w=0.0000 nuis_corr=0.233 lr=0.0468
[17:12:12] epoch 25 done in 637s ce=0.105 w=0.0000 nuis_corr=0.203 lr=0.0436
[17:22:49] epoch 26 done in 637s ce=0.106 w=0.0000 nuis_corr=0.227 lr=0.0404
[17:33:26] epoch 27 done in 637s ce=0.124 w=0.0000 nuis_corr=0.239 lr=0.0372
[17:44:02] epoch 28 done in 637s ce=0.107 w=0.0000 nuis_corr=0.216 lr=0.0340
[17:54:39] epoch 29 done in 637s ce=0.096 w=0.0000 nuis_corr=0.246 lr=0.0310
[18:05:16] epoch 30 done in 637s ce=0.108 w=0.0000 nuis_corr=0.327 lr=0.0280
[18:15:52] epoch 31 done in 636s ce=0.084 w=0.0000 nuis_corr=0.224 lr=0.0251
[18:26:28] epoch 32 done in 636s ce=0.082 w=0.0000 nuis_corr=0.280 lr=0.0223
[18:37:04] epoch 33 done in 636s ce=0.085 w=0.0000 nuis_corr=0.269 lr=0.0196
[18:47:40] epoch 34 done in 636s ce=0.074 w=0.0000 nuis_corr=0.287 lr=0.0171
[18:58:15] epoch 35 done in 636s ce=0.071 w=0.0000 nuis_corr=0.208 lr=0.0147
[18:58:51]   EVAL epoch 35: KITTI mIoU=28.32  STF mIoU=22.51
[19:09:27] epoch 36 done in 636s ce=0.072 w=0.0000 nuis_corr=0.209 lr=0.0124
[19:20:03] epoch 37 done in 636s ce=0.071 w=0.0000 nuis_corr=0.217 lr=0.0104
[19:30:38] epoch 38 done in 636s ce=0.063 w=0.0000 nuis_corr=0.208 lr=0.0085
[19:41:14] epoch 39 done in 636s ce=0.061 w=0.0000 nuis_corr=0.206 lr=0.0067
[19:51:50] epoch 40 done in 636s ce=0.058 w=0.0000 nuis_corr=0.241 lr=0.0052
[20:02:26] epoch 41 done in 636s ce=0.056 w=0.0000 nuis_corr=0.210 lr=0.0038
[20:13:02] epoch 42 done in 636s ce=0.054 w=0.0000 nuis_corr=0.235 lr=0.0027
[20:23:37] epoch 43 done in 636s ce=0.053 w=0.0000 nuis_corr=0.202 lr=0.0017
[20:34:13] epoch 44 done in 636s ce=0.051 w=0.0000 nuis_corr=0.211 lr=0.0010
[20:44:49] epoch 45 done in 636s ce=0.051 w=0.0000 nuis_corr=0.171 lr=0.0004
[20:55:24] epoch 46 done in 636s ce=0.050 w=0.0000 nuis_corr=0.226 lr=0.0001
[21:06:01] epoch 47 done in 637s ce=0.050 w=0.0000 nuis_corr=0.208 lr=0.0000
[21:06:36]   EVAL epoch 47: KITTI mIoU=27.52  STF mIoU=21.42
[21:06:36] training complete
[kitti] mIoU=29.25  nuis_corr=0.13603593958541751
[stf] mIoU=21.42  nuis_corr=0.18918674355372786
{
  "ckpt": "/home/zyf/paper/Syn2Real-LiDAR-DG/code/exp/cr1_none_s3/model.pth",
  "rho": 0.05,
  "base_loss": 0.06634027324616909,
  "sharpness_mean": 0.01007872459789117,
  "sharpness_std": 0.005573578423714601,
  "n_dirs": 5
}
