[14:12:32] SynLiDAR source scans: 19840  mode=none lambda_w=0.0 cr=1.0
[14:24:41] epoch 0 done in 729s ce=0.619 w=0.0000 nuis_corr=0.274 lr=0.0999
[06:18:33] SynLiDAR source scans: 19840  mode=none lambda_w=0.0 cr=1.0
[06:30:19] epoch 0 done in 705s ce=0.665 w=0.0000 nuis_corr=0.249 lr=0.0999
[06:41:32] epoch 1 done in 673s ce=0.411 w=0.0000 nuis_corr=0.271 lr=0.0996
[06:52:35] epoch 2 done in 662s ce=0.322 w=0.0000 nuis_corr=0.280 lr=0.0991
[07:03:38] epoch 3 done in 663s ce=0.252 w=0.0000 nuis_corr=0.298 lr=0.0984
[07:14:39] epoch 4 done in 661s ce=0.208 w=0.0000 nuis_corr=0.342 lr=0.0974
[07:25:39] epoch 5 done in 659s ce=0.190 w=0.0000 nuis_corr=0.363 lr=0.0963
[07:36:37] epoch 6 done in 658s ce=0.182 w=0.0000 nuis_corr=0.364 lr=0.0949
[07:47:34] epoch 7 done in 657s ce=0.167 w=0.0000 nuis_corr=0.365 lr=0.0934
[07:58:31] epoch 8 done in 656s ce=0.169 w=0.0000 nuis_corr=0.357 lr=0.0917
[08:09:27] epoch 9 done in 656s ce=0.179 w=0.0000 nuis_corr=0.374 lr=0.0898
[08:20:22] epoch 10 done in 655s ce=0.166 w=0.0000 nuis_corr=0.397 lr=0.0877
[08:31:17] epoch 11 done in 655s ce=0.159 w=0.0000 nuis_corr=0.320 lr=0.0855
[08:31:53]   EVAL epoch 11: KITTI mIoU=25.16  STF mIoU=22.43
[08:42:47] epoch 12 done in 654s ce=0.159 w=0.0000 nuis_corr=0.316 lr=0.0831
[08:53:40] epoch 13 done in 653s ce=0.168 w=0.0000 nuis_corr=0.296 lr=0.0806
[09:04:33] epoch 14 done in 653s ce=0.167 w=0.0000 nuis_corr=0.291 lr=0.0779
[09:15:24] epoch 15 done in 651s ce=0.131 w=0.0000 nuis_corr=0.273 lr=0.0751
[09:26:15] epoch 16 done in 651s ce=0.125 w=0.0000 nuis_corr=0.276 lr=0.0723
[09:37:06] epoch 17 done in 651s ce=0.118 w=0.0000 nuis_corr=0.287 lr=0.0693
[09:47:57] epoch 18 done in 651s ce=0.125 w=0.0000 nuis_corr=0.276 lr=0.0662
[09:58:55] epoch 19 done in 658s ce=0.117 w=0.0000 nuis_corr=0.250 lr=0.0631
[10:09:45] epoch 20 done in 650s ce=0.111 w=0.0000 nuis_corr=0.248 lr=0.0599
[10:20:48] epoch 21 done in 663s ce=0.109 w=0.0000 nuis_corr=0.282 lr=0.0567
[10:31:41] epoch 22 done in 653s ce=0.111 w=0.0000 nuis_corr=0.255 lr=0.0534
[10:42:31] epoch 23 done in 649s ce=0.097 w=0.0000 nuis_corr=0.235 lr=0.0501
[10:43:07]   EVAL epoch 23: KITTI mIoU=28.20  STF mIoU=21.90
[10:53:56] epoch 24 done in 649s ce=0.113 w=0.0000 nuis_corr=0.245 lr=0.0468
[11:04:44] epoch 25 done in 648s ce=0.093 w=0.0000 nuis_corr=0.297 lr=0.0436
[11:15:32] epoch 26 done in 647s ce=0.097 w=0.0000 nuis_corr=0.288 lr=0.0404
[11:26:19] epoch 27 done in 647s ce=0.079 w=0.0000 nuis_corr=0.244 lr=0.0372
[11:37:07] epoch 28 done in 648s ce=0.102 w=0.0000 nuis_corr=0.244 lr=0.0340
[11:47:55] epoch 29 done in 648s ce=0.091 w=0.0000 nuis_corr=0.222 lr=0.0310
[11:58:42] epoch 30 done in 648s ce=0.099 w=0.0000 nuis_corr=0.242 lr=0.0280
[12:09:29] epoch 31 done in 647s ce=0.093 w=0.0000 nuis_corr=0.222 lr=0.0251
[12:20:16] epoch 32 done in 647s ce=0.094 w=0.0000 nuis_corr=0.231 lr=0.0223
[12:31:13] epoch 33 done in 657s ce=0.089 w=0.0000 nuis_corr=0.241 lr=0.0196
[12:42:34] epoch 34 done in 681s ce=0.085 w=0.0000 nuis_corr=0.295 lr=0.0171
[12:53:54] epoch 35 done in 681s ce=0.071 w=0.0000 nuis_corr=0.241 lr=0.0147
[12:54:32]   EVAL epoch 35: KITTI mIoU=26.46  STF mIoU=21.22
[13:05:53] epoch 36 done in 681s ce=0.068 w=0.0000 nuis_corr=0.221 lr=0.0124
[13:17:14] epoch 37 done in 681s ce=0.066 w=0.0000 nuis_corr=0.228 lr=0.0104
[13:28:34] epoch 38 done in 680s ce=0.059 w=0.0000 nuis_corr=0.229 lr=0.0085
[13:39:54] epoch 39 done in 680s ce=0.057 w=0.0000 nuis_corr=0.215 lr=0.0067
[13:51:15] epoch 40 done in 681s ce=0.054 w=0.0000 nuis_corr=0.233 lr=0.0052
[14:02:36] epoch 41 done in 681s ce=0.052 w=0.0000 nuis_corr=0.228 lr=0.0038
[14:13:56] epoch 42 done in 680s ce=0.051 w=0.0000 nuis_corr=0.231 lr=0.0027
[14:25:17] epoch 43 done in 680s ce=0.049 w=0.0000 nuis_corr=0.223 lr=0.0017
[14:36:38] epoch 44 done in 681s ce=0.048 w=0.0000 nuis_corr=0.230 lr=0.0010
[14:47:58] epoch 45 done in 681s ce=0.047 w=0.0000 nuis_corr=0.227 lr=0.0004
[14:59:19] epoch 46 done in 681s ce=0.047 w=0.0000 nuis_corr=0.212 lr=0.0001
[15:10:39] epoch 47 done in 681s ce=0.047 w=0.0000 nuis_corr=0.215 lr=0.0000
[15:11:17]   EVAL epoch 47: KITTI mIoU=27.92  STF mIoU=21.92
[15:11:17] training complete
[kitti] mIoU=29.31  nuis_corr=0.17347185947000981
[stf] mIoU=21.92  nuis_corr=0.19830136019736527
