[16:50:00] SynLiDAR source scans: 19840  mode=none lambda_w=0.0 cr=1.0
[17:02:28] epoch 0 done in 746s ce=0.617 w=0.0000 nuis_corr=0.267 lr=0.0999
[17:13:33] epoch 1 done in 665s ce=0.337 w=0.0000 nuis_corr=0.337 lr=0.0996
[17:24:33] epoch 2 done in 659s ce=0.279 w=0.0000 nuis_corr=0.302 lr=0.0991
[17:35:31] epoch 3 done in 659s ce=0.243 w=0.0000 nuis_corr=0.296 lr=0.0984
[17:46:31] epoch 4 done in 659s ce=0.211 w=0.0000 nuis_corr=0.320 lr=0.0974
[17:57:29] epoch 5 done in 658s ce=0.198 w=0.0000 nuis_corr=0.327 lr=0.0963
[18:08:26] epoch 6 done in 657s ce=0.180 w=0.0000 nuis_corr=0.334 lr=0.0949
[18:19:23] epoch 7 done in 657s ce=0.167 w=0.0000 nuis_corr=0.310 lr=0.0934
[18:30:25] epoch 8 done in 662s ce=0.161 w=0.0000 nuis_corr=0.316 lr=0.0917
[18:41:21] epoch 9 done in 656s ce=0.154 w=0.0000 nuis_corr=0.284 lr=0.0898
[18:52:17] epoch 10 done in 656s ce=0.153 w=0.0000 nuis_corr=0.270 lr=0.0877
[19:03:12] epoch 11 done in 655s ce=0.143 w=0.0000 nuis_corr=0.263 lr=0.0855
[19:03:48]   EVAL epoch 11: KITTI mIoU=27.04  STF mIoU=19.13
[19:14:42] epoch 12 done in 654s ce=0.145 w=0.0000 nuis_corr=0.222 lr=0.0831
[19:25:38] epoch 13 done in 656s ce=0.143 w=0.0000 nuis_corr=0.266 lr=0.0806
[19:36:34] epoch 14 done in 656s ce=0.131 w=0.0000 nuis_corr=0.258 lr=0.0779
[19:47:29] epoch 15 done in 656s ce=0.134 w=0.0000 nuis_corr=0.295 lr=0.0751
[19:58:25] epoch 16 done in 656s ce=0.129 w=0.0000 nuis_corr=0.279 lr=0.0723
[20:09:41] epoch 17 done in 676s ce=0.130 w=0.0000 nuis_corr=0.270 lr=0.0693
[20:21:11] epoch 18 done in 689s ce=0.127 w=0.0000 nuis_corr=0.248 lr=0.0662
[20:32:15] epoch 19 done in 664s ce=0.126 w=0.0000 nuis_corr=0.230 lr=0.0631
[20:43:08] epoch 20 done in 653s ce=0.114 w=0.0000 nuis_corr=0.288 lr=0.0599
[20:54:00] epoch 21 done in 653s ce=0.109 w=0.0000 nuis_corr=0.261 lr=0.0567
[21:04:52] epoch 22 done in 652s ce=0.101 w=0.0000 nuis_corr=0.268 lr=0.0534
[21:15:45] epoch 23 done in 653s ce=0.111 w=0.0000 nuis_corr=0.265 lr=0.0501
[21:16:21]   EVAL epoch 23: KITTI mIoU=23.84  STF mIoU=17.46
[21:27:13] epoch 24 done in 652s ce=0.098 w=0.0000 nuis_corr=0.288 lr=0.0468
[21:38:04] epoch 25 done in 651s ce=0.106 w=0.0000 nuis_corr=0.273 lr=0.0436
[21:48:55] epoch 26 done in 651s ce=0.103 w=0.0000 nuis_corr=0.251 lr=0.0404
[21:59:46] epoch 27 done in 651s ce=0.086 w=0.0000 nuis_corr=0.207 lr=0.0372
[22:10:37] epoch 28 done in 650s ce=0.088 w=0.0000 nuis_corr=0.257 lr=0.0340
[22:21:27] epoch 29 done in 651s ce=0.095 w=0.0000 nuis_corr=0.241 lr=0.0310
[22:32:18] epoch 30 done in 650s ce=0.082 w=0.0000 nuis_corr=0.230 lr=0.0280
[22:43:13] epoch 31 done in 655s ce=0.077 w=0.0000 nuis_corr=0.226 lr=0.0251
[22:54:07] epoch 32 done in 654s ce=0.084 w=0.0000 nuis_corr=0.234 lr=0.0223
[23:05:01] epoch 33 done in 654s ce=0.077 w=0.0000 nuis_corr=0.244 lr=0.0196
[23:15:55] epoch 34 done in 654s ce=0.065 w=0.0000 nuis_corr=0.195 lr=0.0171
[23:26:49] epoch 35 done in 653s ce=0.061 w=0.0000 nuis_corr=0.211 lr=0.0147
[23:27:25]   EVAL epoch 35: KITTI mIoU=27.12  STF mIoU=21.36
[23:38:18] epoch 36 done in 653s ce=0.060 w=0.0000 nuis_corr=0.203 lr=0.0124
[23:49:14] epoch 37 done in 655s ce=0.056 w=0.0000 nuis_corr=0.225 lr=0.0104
[00:00:10] epoch 38 done in 656s ce=0.054 w=0.0000 nuis_corr=0.224 lr=0.0085
[00:11:07] epoch 39 done in 657s ce=0.052 w=0.0000 nuis_corr=0.200 lr=0.0067
[00:22:36] epoch 40 done in 689s ce=0.051 w=0.0000 nuis_corr=0.189 lr=0.0052
[00:34:07] epoch 41 done in 691s ce=0.049 w=0.0000 nuis_corr=0.187 lr=0.0038
[00:45:39] epoch 42 done in 692s ce=0.047 w=0.0000 nuis_corr=0.187 lr=0.0027
[00:57:11] epoch 43 done in 692s ce=0.046 w=0.0000 nuis_corr=0.193 lr=0.0017
[01:08:42] epoch 44 done in 691s ce=0.045 w=0.0000 nuis_corr=0.188 lr=0.0010
[01:20:08] epoch 45 done in 686s ce=0.044 w=0.0000 nuis_corr=0.199 lr=0.0004
[01:31:29] epoch 46 done in 682s ce=0.044 w=0.0000 nuis_corr=0.191 lr=0.0001
[01:43:03] epoch 47 done in 693s ce=0.044 w=0.0000 nuis_corr=0.179 lr=0.0000
[01:43:40]   EVAL epoch 47: KITTI mIoU=27.05  STF mIoU=21.83
[01:43:40] training complete
[kitti] mIoU=28.87  nuis_corr=0.1357480657286942
[stf] mIoU=21.83  nuis_corr=0.1620778676122427
