[15:57:46] SynLiDAR source scans: 19840  mode=none lambda_w=0.0 cr=0.5
[16:01:45] epoch 0 done in 238s ce=0.638 w=0.0000 nuis_corr=0.421 lr=0.0999
[16:05:53] epoch 1 done in 247s ce=0.368 w=0.0000 nuis_corr=0.406 lr=0.0996
[16:09:48] epoch 2 done in 236s ce=0.309 w=0.0000 nuis_corr=0.428 lr=0.0991
[16:13:42] epoch 3 done in 233s ce=0.298 w=0.0000 nuis_corr=0.343 lr=0.0984
[16:17:34] epoch 4 done in 233s ce=0.267 w=0.0000 nuis_corr=0.322 lr=0.0974
[16:21:28] epoch 5 done in 234s ce=0.256 w=0.0000 nuis_corr=0.322 lr=0.0963
[16:25:21] epoch 6 done in 233s ce=0.239 w=0.0000 nuis_corr=0.366 lr=0.0950
[16:29:14] epoch 7 done in 233s ce=0.208 w=0.0000 nuis_corr=0.344 lr=0.0934
[16:29:29]   EVAL epoch 7: KITTI mIoU=18.00  STF mIoU=15.03
[16:33:22] epoch 8 done in 233s ce=0.188 w=0.0000 nuis_corr=0.334 lr=0.0917
[16:37:15] epoch 9 done in 233s ce=0.199 w=0.0000 nuis_corr=0.305 lr=0.0898
[16:41:08] epoch 10 done in 233s ce=0.171 w=0.0000 nuis_corr=0.309 lr=0.0878
[16:45:01] epoch 11 done in 233s ce=0.174 w=0.0000 nuis_corr=0.312 lr=0.0855
[16:48:54] epoch 12 done in 233s ce=0.182 w=0.0000 nuis_corr=0.342 lr=0.0831
[16:52:47] epoch 13 done in 233s ce=0.176 w=0.0000 nuis_corr=0.373 lr=0.0806
[16:56:40] epoch 14 done in 233s ce=0.162 w=0.0000 nuis_corr=0.345 lr=0.0780
[17:00:32] epoch 15 done in 232s ce=0.153 w=0.0000 nuis_corr=0.352 lr=0.0752
[17:00:47]   EVAL epoch 15: KITTI mIoU=14.62  STF mIoU=14.96
[17:04:39] epoch 16 done in 232s ce=0.160 w=0.0000 nuis_corr=0.357 lr=0.0723
[17:08:32] epoch 17 done in 233s ce=0.144 w=0.0000 nuis_corr=0.361 lr=0.0693
[17:12:24] epoch 18 done in 232s ce=0.160 w=0.0000 nuis_corr=0.367 lr=0.0663
[17:16:17] epoch 19 done in 233s ce=0.154 w=0.0000 nuis_corr=0.356 lr=0.0631
[17:20:09] epoch 20 done in 232s ce=0.156 w=0.0000 nuis_corr=0.370 lr=0.0599
[17:24:01] epoch 21 done in 233s ce=0.136 w=0.0000 nuis_corr=0.346 lr=0.0567
[17:27:53] epoch 22 done in 232s ce=0.136 w=0.0000 nuis_corr=0.354 lr=0.0534
[17:31:48] epoch 23 done in 234s ce=0.134 w=0.0000 nuis_corr=0.337 lr=0.0502
[17:32:02]   EVAL epoch 23: KITTI mIoU=25.98  STF mIoU=20.04
[17:35:58] epoch 24 done in 235s ce=0.152 w=0.0000 nuis_corr=0.323 lr=0.0469
[17:39:55] epoch 25 done in 237s ce=0.131 w=0.0000 nuis_corr=0.336 lr=0.0436
[17:43:52] epoch 26 done in 237s ce=0.131 w=0.0000 nuis_corr=0.317 lr=0.0404
[17:47:49] epoch 27 done in 237s ce=0.133 w=0.0000 nuis_corr=0.342 lr=0.0372
[17:51:47] epoch 28 done in 237s ce=0.124 w=0.0000 nuis_corr=0.368 lr=0.0341
[17:55:44] epoch 29 done in 237s ce=0.115 w=0.0000 nuis_corr=0.352 lr=0.0310
[17:59:41] epoch 30 done in 237s ce=0.124 w=0.0000 nuis_corr=0.331 lr=0.0280
[18:03:39] epoch 31 done in 238s ce=0.130 w=0.0000 nuis_corr=0.331 lr=0.0251
[18:03:54]   EVAL epoch 31: KITTI mIoU=22.84  STF mIoU=21.26
[18:07:51] epoch 32 done in 237s ce=0.118 w=0.0000 nuis_corr=0.292 lr=0.0223
[18:11:48] epoch 33 done in 238s ce=0.113 w=0.0000 nuis_corr=0.293 lr=0.0196
[18:15:47] epoch 34 done in 238s ce=0.105 w=0.0000 nuis_corr=0.329 lr=0.0171
[18:19:44] epoch 35 done in 237s ce=0.100 w=0.0000 nuis_corr=0.333 lr=0.0147
[18:23:41] epoch 36 done in 237s ce=0.094 w=0.0000 nuis_corr=0.333 lr=0.0125
[18:27:38] epoch 37 done in 238s ce=0.093 w=0.0000 nuis_corr=0.315 lr=0.0104
[18:31:36] epoch 38 done in 238s ce=0.088 w=0.0000 nuis_corr=0.300 lr=0.0085
[18:35:34] epoch 39 done in 238s ce=0.088 w=0.0000 nuis_corr=0.299 lr=0.0067
[18:35:48]   EVAL epoch 39: KITTI mIoU=26.38  STF mIoU=21.04
[18:39:47] epoch 40 done in 238s ce=0.082 w=0.0000 nuis_corr=0.299 lr=0.0052
[18:43:44] epoch 41 done in 238s ce=0.080 w=0.0000 nuis_corr=0.313 lr=0.0038
[18:47:42] epoch 42 done in 237s ce=0.077 w=0.0000 nuis_corr=0.306 lr=0.0027
[18:51:38] epoch 43 done in 237s ce=0.076 w=0.0000 nuis_corr=0.312 lr=0.0017
[18:55:35] epoch 44 done in 237s ce=0.073 w=0.0000 nuis_corr=0.287 lr=0.0010
[18:59:32] epoch 45 done in 236s ce=0.072 w=0.0000 nuis_corr=0.297 lr=0.0004
[19:03:29] epoch 46 done in 238s ce=0.072 w=0.0000 nuis_corr=0.299 lr=0.0001
[19:07:28] epoch 47 done in 239s ce=0.071 w=0.0000 nuis_corr=0.315 lr=0.0000
[19:07:43]   EVAL epoch 47: KITTI mIoU=27.10  STF mIoU=20.85
[19:07:43] training complete
[kitti] mIoU=28.39  nuis_corr=0.2699922252446413
[stf] mIoU=20.85  nuis_corr=0.28223409671336414
