[04:09:03] SynLiDAR source scans: 19840  mode=none lambda_w=0.0 cr=0.5
[04:13:44] epoch 0 done in 280s ce=0.698 w=0.0000 nuis_corr=0.364 lr=0.0999
[04:18:17] epoch 1 done in 274s ce=0.450 w=0.0000 nuis_corr=0.362 lr=0.0996
[04:22:51] epoch 2 done in 274s ce=0.375 w=0.0000 nuis_corr=0.374 lr=0.0991
[04:27:25] epoch 3 done in 273s ce=0.332 w=0.0000 nuis_corr=0.331 lr=0.0984
[04:31:59] epoch 4 done in 274s ce=0.304 w=0.0000 nuis_corr=0.376 lr=0.0974
[04:36:32] epoch 5 done in 273s ce=0.283 w=0.0000 nuis_corr=0.340 lr=0.0963
[04:41:05] epoch 6 done in 273s ce=0.269 w=0.0000 nuis_corr=0.346 lr=0.0950
[04:45:39] epoch 7 done in 274s ce=0.249 w=0.0000 nuis_corr=0.304 lr=0.0934
[04:50:12] epoch 8 done in 273s ce=0.243 w=0.0000 nuis_corr=0.372 lr=0.0917
[04:54:45] epoch 9 done in 273s ce=0.233 w=0.0000 nuis_corr=0.344 lr=0.0898
[04:59:19] epoch 10 done in 273s ce=0.225 w=0.0000 nuis_corr=0.326 lr=0.0878
[05:03:52] epoch 11 done in 273s ce=0.223 w=0.0000 nuis_corr=0.346 lr=0.0855
[05:04:06]   EVAL epoch 11: KITTI mIoU=24.12  STF mIoU=19.23
[05:08:40] epoch 12 done in 274s ce=0.214 w=0.0000 nuis_corr=0.327 lr=0.0831
[05:13:13] epoch 13 done in 273s ce=0.213 w=0.0000 nuis_corr=0.335 lr=0.0806
[05:17:47] epoch 14 done in 274s ce=0.206 w=0.0000 nuis_corr=0.348 lr=0.0780
[05:22:20] epoch 15 done in 273s ce=0.205 w=0.0000 nuis_corr=0.329 lr=0.0752
[05:26:52] epoch 16 done in 273s ce=0.189 w=0.0000 nuis_corr=0.335 lr=0.0723
[05:31:25] epoch 17 done in 273s ce=0.190 w=0.0000 nuis_corr=0.335 lr=0.0693
[05:35:58] epoch 18 done in 273s ce=0.193 w=0.0000 nuis_corr=0.348 lr=0.0663
[05:40:31] epoch 19 done in 273s ce=0.181 w=0.0000 nuis_corr=0.319 lr=0.0631
[05:45:04] epoch 20 done in 273s ce=0.180 w=0.0000 nuis_corr=0.333 lr=0.0599
[05:49:36] epoch 21 done in 273s ce=0.176 w=0.0000 nuis_corr=0.362 lr=0.0567
[05:54:09] epoch 22 done in 273s ce=0.171 w=0.0000 nuis_corr=0.364 lr=0.0534
[05:58:42] epoch 23 done in 273s ce=0.165 w=0.0000 nuis_corr=0.334 lr=0.0502
[05:58:57]   EVAL epoch 23: KITTI mIoU=24.90  STF mIoU=21.35
[06:03:29] epoch 24 done in 273s ce=0.163 w=0.0000 nuis_corr=0.351 lr=0.0469
[06:08:02] epoch 25 done in 273s ce=0.162 w=0.0000 nuis_corr=0.322 lr=0.0436
[06:12:35] epoch 26 done in 272s ce=0.156 w=0.0000 nuis_corr=0.385 lr=0.0404
[06:17:07] epoch 27 done in 273s ce=0.149 w=0.0000 nuis_corr=0.380 lr=0.0372
[06:21:40] epoch 28 done in 273s ce=0.149 w=0.0000 nuis_corr=0.344 lr=0.0341
[06:26:12] epoch 29 done in 272s ce=0.148 w=0.0000 nuis_corr=0.373 lr=0.0310
[06:30:45] epoch 30 done in 273s ce=0.140 w=0.0000 nuis_corr=0.341 lr=0.0280
[06:35:18] epoch 31 done in 273s ce=0.137 w=0.0000 nuis_corr=0.370 lr=0.0251
[06:39:50] epoch 32 done in 272s ce=0.131 w=0.0000 nuis_corr=0.329 lr=0.0223
[06:44:23] epoch 33 done in 273s ce=0.128 w=0.0000 nuis_corr=0.367 lr=0.0196
[06:48:55] epoch 34 done in 272s ce=0.124 w=0.0000 nuis_corr=0.333 lr=0.0171
[06:53:27] epoch 35 done in 272s ce=0.120 w=0.0000 nuis_corr=0.341 lr=0.0147
[06:53:42]   EVAL epoch 35: KITTI mIoU=28.08  STF mIoU=22.20
[06:58:14] epoch 36 done in 273s ce=0.115 w=0.0000 nuis_corr=0.346 lr=0.0125
[07:02:47] epoch 37 done in 272s ce=0.112 w=0.0000 nuis_corr=0.358 lr=0.0104
[07:07:19] epoch 38 done in 272s ce=0.106 w=0.0000 nuis_corr=0.386 lr=0.0085
[07:11:51] epoch 39 done in 272s ce=0.103 w=0.0000 nuis_corr=0.361 lr=0.0067
[07:16:24] epoch 40 done in 273s ce=0.099 w=0.0000 nuis_corr=0.373 lr=0.0052
[07:20:57] epoch 41 done in 273s ce=0.097 w=0.0000 nuis_corr=0.361 lr=0.0038
[07:25:29] epoch 42 done in 273s ce=0.093 w=0.0000 nuis_corr=0.351 lr=0.0027
[07:30:01] epoch 43 done in 272s ce=0.091 w=0.0000 nuis_corr=0.358 lr=0.0017
[07:34:33] epoch 44 done in 272s ce=0.088 w=0.0000 nuis_corr=0.362 lr=0.0010
[07:39:05] epoch 45 done in 272s ce=0.088 w=0.0000 nuis_corr=0.366 lr=0.0004
[07:43:36] epoch 46 done in 272s ce=0.087 w=0.0000 nuis_corr=0.357 lr=0.0001
[07:48:08] epoch 47 done in 272s ce=0.087 w=0.0000 nuis_corr=0.350 lr=0.0000
[07:48:23]   EVAL epoch 47: KITTI mIoU=27.89  STF mIoU=22.40
[07:48:23] training complete
[kitti] mIoU=29.52  nuis_corr=0.2836060352623463
[stf] mIoU=22.40  nuis_corr=0.3028653433546424
