[02:47:17] SynLiDAR source scans: 19840  mode=none lambda_w=0.0 cr=0.5
[02:51:57] SynLiDAR source scans: 19840  mode=none lambda_w=0.0 cr=0.5
[02:56:39] epoch 0 done in 281s ce=0.558 w=0.0000 nuis_corr=0.369 lr=0.1000
[03:01:18] epoch 1 done in 278s ce=0.304 w=0.0000 nuis_corr=0.424 lr=0.0999
[03:05:55] epoch 2 done in 278s ce=0.232 w=0.0000 nuis_corr=0.436 lr=0.0998
[03:10:33] epoch 3 done in 278s ce=0.199 w=0.0000 nuis_corr=0.388 lr=0.0996
[03:15:11] epoch 4 done in 278s ce=0.181 w=0.0000 nuis_corr=0.419 lr=0.0994
[03:19:49] epoch 5 done in 278s ce=0.187 w=0.0000 nuis_corr=0.411 lr=0.0991
[03:24:27] epoch 6 done in 278s ce=0.190 w=0.0000 nuis_corr=0.451 lr=0.0987
[03:29:04] epoch 7 done in 278s ce=0.164 w=0.0000 nuis_corr=0.405 lr=0.0983
[03:33:42] epoch 8 done in 278s ce=0.152 w=0.0000 nuis_corr=0.406 lr=0.0979
[03:38:20] epoch 9 done in 278s ce=0.155 w=0.0000 nuis_corr=0.412 lr=0.0974
[03:42:59] epoch 10 done in 278s ce=0.145 w=0.0000 nuis_corr=0.400 lr=0.0968
[03:47:36] epoch 11 done in 278s ce=0.145 w=0.0000 nuis_corr=0.389 lr=0.0962
[03:47:51]   EVAL epoch 11: KITTI mIoU=18.29  STF mIoU=13.88
[03:52:29] epoch 12 done in 277s ce=0.155 w=0.0000 nuis_corr=0.346 lr=0.0956
[03:57:09] epoch 13 done in 280s ce=0.139 w=0.0000 nuis_corr=0.385 lr=0.0949
[04:01:46] epoch 14 done in 277s ce=0.156 w=0.0000 nuis_corr=0.379 lr=0.0942
[04:06:22] epoch 15 done in 276s ce=0.142 w=0.0000 nuis_corr=0.353 lr=0.0934
[04:10:58] epoch 16 done in 276s ce=0.139 w=0.0000 nuis_corr=0.388 lr=0.0925
[04:15:34] epoch 17 done in 276s ce=0.140 w=0.0000 nuis_corr=0.342 lr=0.0916
[04:20:10] epoch 18 done in 276s ce=0.149 w=0.0000 nuis_corr=0.368 lr=0.0907
[04:24:46] epoch 19 done in 276s ce=0.171 w=0.0000 nuis_corr=0.331 lr=0.0897
[04:29:21] epoch 20 done in 275s ce=0.161 w=0.0000 nuis_corr=0.344 lr=0.0887
[04:33:57] epoch 21 done in 275s ce=0.164 w=0.0000 nuis_corr=0.378 lr=0.0877
[04:38:32] epoch 22 done in 276s ce=0.144 w=0.0000 nuis_corr=0.247 lr=0.0866
[04:43:08] epoch 23 done in 276s ce=0.151 w=0.0000 nuis_corr=0.298 lr=0.0854
[04:43:23]   EVAL epoch 23: KITTI mIoU=29.16  STF mIoU=20.44
[04:47:59] epoch 24 done in 275s ce=0.150 w=0.0000 nuis_corr=0.298 lr=0.0843
[04:52:34] epoch 25 done in 275s ce=0.139 w=0.0000 nuis_corr=0.286 lr=0.0831
[04:57:06] epoch 26 done in 272s ce=nan w=0.0000 nuis_corr=nan lr=0.0818
[05:01:36] epoch 27 done in 269s ce=nan w=0.0000 nuis_corr=nan lr=0.0805
[05:06:05] epoch 28 done in 269s ce=nan w=0.0000 nuis_corr=nan lr=0.0792
[05:10:35] epoch 29 done in 270s ce=nan w=0.0000 nuis_corr=nan lr=0.0779
[05:15:04] epoch 30 done in 269s ce=nan w=0.0000 nuis_corr=nan lr=0.0765
[05:19:34] epoch 31 done in 269s ce=nan w=0.0000 nuis_corr=nan lr=0.0751
[05:24:03] epoch 32 done in 269s ce=nan w=0.0000 nuis_corr=nan lr=0.0737
[05:28:32] epoch 33 done in 269s ce=nan w=0.0000 nuis_corr=nan lr=0.0722
[05:33:01] epoch 34 done in 269s ce=nan w=0.0000 nuis_corr=nan lr=0.0707
[05:37:30] epoch 35 done in 269s ce=nan w=0.0000 nuis_corr=nan lr=0.0692
[05:37:45]   EVAL epoch 35: KITTI mIoU=0.29  STF mIoU=0.18
[05:42:14] epoch 36 done in 269s ce=nan w=0.0000 nuis_corr=nan lr=0.0677
[05:46:44] epoch 37 done in 269s ce=nan w=0.0000 nuis_corr=nan lr=0.0662
[05:51:13] epoch 38 done in 269s ce=nan w=0.0000 nuis_corr=nan lr=0.0646
[05:55:42] epoch 39 done in 269s ce=nan w=0.0000 nuis_corr=nan lr=0.0630
[06:00:11] epoch 40 done in 269s ce=nan w=0.0000 nuis_corr=nan lr=0.0614
[06:04:40] epoch 41 done in 269s ce=nan w=0.0000 nuis_corr=nan lr=0.0598
[06:09:10] epoch 42 done in 270s ce=nan w=0.0000 nuis_corr=nan lr=0.0582
[06:13:40] epoch 43 done in 270s ce=nan w=0.0000 nuis_corr=nan lr=0.0566
[06:18:09] epoch 44 done in 269s ce=nan w=0.0000 nuis_corr=nan lr=0.0550
[06:22:38] epoch 45 done in 269s ce=nan w=0.0000 nuis_corr=nan lr=0.0534
[06:27:07] epoch 46 done in 269s ce=nan w=0.0000 nuis_corr=nan lr=0.0517
[06:31:36] epoch 47 done in 269s ce=nan w=0.0000 nuis_corr=nan lr=0.0501
[06:31:51]   EVAL epoch 47: KITTI mIoU=0.29  STF mIoU=0.18
[06:36:21] epoch 48 done in 269s ce=nan w=0.0000 nuis_corr=nan lr=0.0484
[06:40:50] epoch 49 done in 270s ce=nan w=0.0000 nuis_corr=nan lr=0.0468
[06:45:20] epoch 50 done in 269s ce=nan w=0.0000 nuis_corr=nan lr=0.0452
[06:49:49] epoch 51 done in 270s ce=nan w=0.0000 nuis_corr=nan lr=0.0435
[06:54:19] epoch 52 done in 270s ce=nan w=0.0000 nuis_corr=nan lr=0.0419
[06:58:49] epoch 53 done in 270s ce=nan w=0.0000 nuis_corr=nan lr=0.0403
[07:03:19] epoch 54 done in 270s ce=nan w=0.0000 nuis_corr=nan lr=0.0387
[07:07:49] epoch 55 done in 270s ce=nan w=0.0000 nuis_corr=nan lr=0.0371
[07:12:19] epoch 56 done in 270s ce=nan w=0.0000 nuis_corr=nan lr=0.0355
[07:16:49] epoch 57 done in 270s ce=nan w=0.0000 nuis_corr=nan lr=0.0340
[07:21:18] epoch 58 done in 269s ce=nan w=0.0000 nuis_corr=nan lr=0.0324
[07:25:47] epoch 59 done in 269s ce=nan w=0.0000 nuis_corr=nan lr=0.0309
[07:26:02]   EVAL epoch 59: KITTI mIoU=0.29  STF mIoU=0.18
[07:30:31] epoch 60 done in 269s ce=nan w=0.0000 nuis_corr=nan lr=0.0294
[07:35:00] epoch 61 done in 269s ce=nan w=0.0000 nuis_corr=nan lr=0.0279
[07:39:29] epoch 62 done in 269s ce=nan w=0.0000 nuis_corr=nan lr=0.0265
[07:43:58] epoch 63 done in 269s ce=nan w=0.0000 nuis_corr=nan lr=0.0250
[07:48:27] epoch 64 done in 269s ce=nan w=0.0000 nuis_corr=nan lr=0.0236
[07:53:04] epoch 65 done in 277s ce=nan w=0.0000 nuis_corr=nan lr=0.0223
[07:57:36] epoch 66 done in 272s ce=nan w=0.0000 nuis_corr=nan lr=0.0209
[08:02:08] epoch 67 done in 272s ce=nan w=0.0000 nuis_corr=nan lr=0.0196
[08:06:39] epoch 68 done in 271s ce=nan w=0.0000 nuis_corr=nan lr=0.0183
[08:11:11] epoch 69 done in 272s ce=nan w=0.0000 nuis_corr=nan lr=0.0171
[08:15:48] epoch 70 done in 277s ce=nan w=0.0000 nuis_corr=nan lr=0.0159
[08:20:25] epoch 71 done in 277s ce=nan w=0.0000 nuis_corr=nan lr=0.0147
[08:20:40]   EVAL epoch 71: KITTI mIoU=0.29  STF mIoU=0.18
[08:25:09] epoch 72 done in 270s ce=nan w=0.0000 nuis_corr=nan lr=0.0135
[08:29:39] epoch 73 done in 270s ce=nan w=0.0000 nuis_corr=nan lr=0.0124
[08:34:09] epoch 74 done in 270s ce=nan w=0.0000 nuis_corr=nan lr=0.0114
[08:38:39] epoch 75 done in 270s ce=nan w=0.0000 nuis_corr=nan lr=0.0104
[08:43:09] epoch 76 done in 270s ce=nan w=0.0000 nuis_corr=nan lr=0.0094
[08:47:39] epoch 77 done in 270s ce=nan w=0.0000 nuis_corr=nan lr=0.0084
[08:52:09] epoch 78 done in 270s ce=nan w=0.0000 nuis_corr=nan lr=0.0076
[08:56:38] epoch 79 done in 270s ce=nan w=0.0000 nuis_corr=nan lr=0.0067
[09:01:09] epoch 80 done in 271s ce=nan w=0.0000 nuis_corr=nan lr=0.0059
[10:35:18] SynLiDAR source scans: 19840  mode=none lambda_w=0.0 cr=0.5
[10:40:44] epoch 0 done in 325s ce=0.637 w=0.0000 nuis_corr=0.396 lr=0.1000
[10:45:17] epoch 1 done in 273s ce=0.332 w=0.0000 nuis_corr=0.423 lr=0.0999
[10:49:51] epoch 2 done in 273s ce=0.236 w=0.0000 nuis_corr=0.452 lr=0.0998
[10:54:24] epoch 3 done in 273s ce=0.213 w=0.0000 nuis_corr=0.371 lr=0.0996
[10:58:57] epoch 4 done in 273s ce=0.188 w=0.0000 nuis_corr=0.396 lr=0.0994
[11:03:30] epoch 5 done in 273s ce=0.170 w=0.0000 nuis_corr=0.408 lr=0.0991
[11:08:03] epoch 6 done in 273s ce=0.170 w=0.0000 nuis_corr=0.491 lr=0.0987
[11:12:36] epoch 7 done in 273s ce=0.166 w=0.0000 nuis_corr=0.395 lr=0.0983
[11:17:09] epoch 8 done in 273s ce=0.152 w=0.0000 nuis_corr=0.462 lr=0.0979
[11:21:42] epoch 9 done in 273s ce=0.163 w=0.0000 nuis_corr=0.417 lr=0.0974
[11:26:15] epoch 10 done in 273s ce=0.152 w=0.0000 nuis_corr=0.397 lr=0.0968
[11:30:48] epoch 11 done in 273s ce=0.150 w=0.0000 nuis_corr=0.403 lr=0.0962
[11:31:02]   EVAL epoch 11: KITTI mIoU=24.89  STF mIoU=21.42
[11:35:35] epoch 12 done in 273s ce=0.153 w=0.0000 nuis_corr=0.383 lr=0.0956
[11:40:08] epoch 13 done in 273s ce=0.145 w=0.0000 nuis_corr=0.385 lr=0.0949
[11:44:41] epoch 14 done in 273s ce=0.156 w=0.0000 nuis_corr=0.397 lr=0.0942
[11:49:13] epoch 15 done in 273s ce=0.149 w=0.0000 nuis_corr=0.405 lr=0.0934
[11:53:46] epoch 16 done in 273s ce=0.139 w=0.0000 nuis_corr=0.392 lr=0.0925
[11:58:19] epoch 17 done in 273s ce=0.155 w=0.0000 nuis_corr=0.351 lr=0.0916
[12:02:51] epoch 18 done in 272s ce=0.137 w=0.0000 nuis_corr=0.323 lr=0.0907
[12:07:24] epoch 19 done in 273s ce=0.136 w=0.0000 nuis_corr=0.323 lr=0.0897
[12:11:56] epoch 20 done in 273s ce=0.133 w=0.0000 nuis_corr=0.281 lr=0.0887
[12:16:29] epoch 21 done in 272s ce=0.144 w=0.0000 nuis_corr=0.327 lr=0.0877
[12:21:01] epoch 22 done in 272s ce=0.133 w=0.0000 nuis_corr=0.354 lr=0.0866
[12:25:34] epoch 23 done in 273s ce=0.128 w=0.0000 nuis_corr=0.346 lr=0.0854
[12:25:48]   EVAL epoch 23: KITTI mIoU=14.82  STF mIoU=12.32
[12:30:20] epoch 24 done in 272s ce=0.128 w=0.0000 nuis_corr=0.341 lr=0.0843
[12:34:53] epoch 25 done in 272s ce=0.137 w=0.0000 nuis_corr=0.280 lr=0.0831
[12:39:25] epoch 26 done in 272s ce=0.130 w=0.0000 nuis_corr=0.312 lr=0.0818
[12:43:57] epoch 27 done in 272s ce=0.135 w=0.0000 nuis_corr=0.343 lr=0.0805
[12:48:29] epoch 28 done in 272s ce=0.146 w=0.0000 nuis_corr=0.313 lr=0.0792
[12:53:01] epoch 29 done in 272s ce=0.131 w=0.0000 nuis_corr=0.332 lr=0.0779
[12:57:33] epoch 30 done in 272s ce=0.135 w=0.0000 nuis_corr=0.346 lr=0.0765
[13:02:05] epoch 31 done in 272s ce=0.131 w=0.0000 nuis_corr=0.326 lr=0.0751
[13:06:37] epoch 32 done in 272s ce=0.129 w=0.0000 nuis_corr=0.312 lr=0.0737
[13:11:09] epoch 33 done in 272s ce=0.120 w=0.0000 nuis_corr=0.300 lr=0.0722
[13:15:41] epoch 34 done in 272s ce=0.123 w=0.0000 nuis_corr=0.306 lr=0.0707
[13:20:13] epoch 35 done in 272s ce=0.119 w=0.0000 nuis_corr=0.299 lr=0.0692
[13:20:27]   EVAL epoch 35: KITTI mIoU=19.12  STF mIoU=16.05
[13:25:00] epoch 36 done in 272s ce=0.119 w=0.0000 nuis_corr=0.348 lr=0.0677
[13:29:32] epoch 37 done in 272s ce=0.135 w=0.0000 nuis_corr=0.277 lr=0.0662
[13:34:03] epoch 38 done in 272s ce=0.111 w=0.0000 nuis_corr=0.288 lr=0.0646
[13:38:35] epoch 39 done in 272s ce=0.121 w=0.0000 nuis_corr=0.263 lr=0.0630
[13:43:06] epoch 40 done in 271s ce=0.114 w=0.0000 nuis_corr=0.237 lr=0.0614
[13:47:38] epoch 41 done in 272s ce=0.116 w=0.0000 nuis_corr=0.230 lr=0.0598
[13:52:10] epoch 42 done in 272s ce=0.109 w=0.0000 nuis_corr=0.219 lr=0.0582
[13:56:41] epoch 43 done in 272s ce=0.122 w=0.0000 nuis_corr=0.231 lr=0.0566
[14:01:13] epoch 44 done in 271s ce=0.114 w=0.0000 nuis_corr=0.240 lr=0.0550
[14:05:44] epoch 45 done in 271s ce=0.120 w=0.0000 nuis_corr=0.223 lr=0.0534
[14:10:15] epoch 46 done in 272s ce=0.107 w=0.0000 nuis_corr=0.218 lr=0.0517
[14:14:47] epoch 47 done in 272s ce=0.106 w=0.0000 nuis_corr=0.228 lr=0.0501
[14:15:02]   EVAL epoch 47: KITTI mIoU=25.46  STF mIoU=19.54
[14:19:33] epoch 48 done in 272s ce=0.104 w=0.0000 nuis_corr=0.212 lr=0.0484
[14:24:05] epoch 49 done in 272s ce=0.116 w=0.0000 nuis_corr=0.215 lr=0.0468
[14:28:36] epoch 50 done in 271s ce=0.105 w=0.0000 nuis_corr=0.215 lr=0.0452
[14:33:08] epoch 51 done in 272s ce=0.101 w=0.0000 nuis_corr=0.195 lr=0.0435
[14:37:39] epoch 52 done in 272s ce=0.101 w=0.0000 nuis_corr=0.204 lr=0.0419
[14:42:11] epoch 53 done in 272s ce=0.108 w=0.0000 nuis_corr=0.214 lr=0.0403
[14:46:43] epoch 54 done in 272s ce=0.097 w=0.0000 nuis_corr=0.194 lr=0.0387
[14:51:14] epoch 55 done in 271s ce=0.097 w=0.0000 nuis_corr=0.228 lr=0.0371
[14:55:45] epoch 56 done in 271s ce=0.095 w=0.0000 nuis_corr=0.248 lr=0.0355
[15:00:17] epoch 57 done in 272s ce=0.095 w=0.0000 nuis_corr=0.228 lr=0.0340
[15:04:49] epoch 58 done in 271s ce=0.104 w=0.0000 nuis_corr=0.216 lr=0.0324
[15:09:20] epoch 59 done in 271s ce=0.094 w=0.0000 nuis_corr=0.222 lr=0.0309
[15:09:35]   EVAL epoch 59: KITTI mIoU=27.03  STF mIoU=19.95
[15:14:06] epoch 60 done in 272s ce=0.097 w=0.0000 nuis_corr=0.212 lr=0.0294
[15:18:38] epoch 61 done in 271s ce=0.091 w=0.0000 nuis_corr=0.218 lr=0.0279
[15:23:09] epoch 62 done in 271s ce=0.086 w=0.0000 nuis_corr=0.203 lr=0.0265
[15:27:40] epoch 63 done in 271s ce=0.089 w=0.0000 nuis_corr=0.236 lr=0.0250
[15:32:12] epoch 64 done in 271s ce=0.083 w=0.0000 nuis_corr=0.235 lr=0.0236
[15:36:43] epoch 65 done in 272s ce=0.083 w=0.0000 nuis_corr=0.237 lr=0.0223
[15:41:15] epoch 66 done in 271s ce=0.079 w=0.0000 nuis_corr=0.210 lr=0.0209
[15:45:46] epoch 67 done in 271s ce=0.079 w=0.0000 nuis_corr=0.211 lr=0.0196
[15:50:18] epoch 68 done in 272s ce=0.078 w=0.0000 nuis_corr=0.195 lr=0.0183
[15:54:49] epoch 69 done in 271s ce=0.078 w=0.0000 nuis_corr=0.186 lr=0.0171
[15:59:21] epoch 70 done in 271s ce=0.073 w=0.0000 nuis_corr=0.208 lr=0.0159
[16:03:52] epoch 71 done in 272s ce=0.073 w=0.0000 nuis_corr=0.207 lr=0.0147
[16:04:07]   EVAL epoch 71: KITTI mIoU=27.16  STF mIoU=21.67
[16:08:38] epoch 72 done in 272s ce=0.071 w=0.0000 nuis_corr=0.220 lr=0.0135
[16:13:10] epoch 73 done in 272s ce=0.069 w=0.0000 nuis_corr=0.220 lr=0.0124
[16:17:41] epoch 74 done in 271s ce=0.072 w=0.0000 nuis_corr=0.216 lr=0.0114
[16:22:13] epoch 75 done in 271s ce=0.073 w=0.0000 nuis_corr=0.217 lr=0.0104
[16:26:44] epoch 76 done in 271s ce=0.068 w=0.0000 nuis_corr=0.224 lr=0.0094
[16:31:16] epoch 77 done in 272s ce=0.065 w=0.0000 nuis_corr=0.212 lr=0.0084
[16:35:47] epoch 78 done in 272s ce=0.064 w=0.0000 nuis_corr=0.224 lr=0.0076
[16:40:19] epoch 79 done in 271s ce=0.063 w=0.0000 nuis_corr=0.212 lr=0.0067
[16:44:50] epoch 80 done in 272s ce=0.061 w=0.0000 nuis_corr=0.211 lr=0.0059
[16:49:22] epoch 81 done in 271s ce=0.060 w=0.0000 nuis_corr=0.220 lr=0.0052
[16:53:53] epoch 82 done in 272s ce=0.059 w=0.0000 nuis_corr=0.216 lr=0.0045
[16:58:25] epoch 83 done in 272s ce=0.058 w=0.0000 nuis_corr=0.230 lr=0.0038
[16:58:40]   EVAL epoch 83: KITTI mIoU=27.97  STF mIoU=22.00
[17:03:12] epoch 84 done in 272s ce=0.057 w=0.0000 nuis_corr=0.214 lr=0.0032
[17:07:44] epoch 85 done in 272s ce=0.056 w=0.0000 nuis_corr=0.226 lr=0.0027
[17:12:16] epoch 86 done in 272s ce=0.055 w=0.0000 nuis_corr=0.215 lr=0.0022
[17:16:49] epoch 87 done in 272s ce=0.054 w=0.0000 nuis_corr=0.227 lr=0.0017
[17:21:21] epoch 88 done in 273s ce=0.054 w=0.0000 nuis_corr=0.231 lr=0.0013
[17:25:53] epoch 89 done in 272s ce=0.053 w=0.0000 nuis_corr=0.223 lr=0.0010
[17:30:26] epoch 90 done in 273s ce=0.053 w=0.0000 nuis_corr=0.230 lr=0.0007
[17:34:58] epoch 91 done in 272s ce=0.053 w=0.0000 nuis_corr=0.213 lr=0.0004
[17:39:31] epoch 92 done in 273s ce=0.052 w=0.0000 nuis_corr=0.220 lr=0.0002
[17:44:04] epoch 93 done in 273s ce=0.052 w=0.0000 nuis_corr=0.213 lr=0.0001
[17:48:36] epoch 94 done in 273s ce=0.052 w=0.0000 nuis_corr=0.229 lr=0.0000
[17:53:09] epoch 95 done in 272s ce=0.052 w=0.0000 nuis_corr=0.210 lr=0.0000
[17:53:23]   EVAL epoch 95: KITTI mIoU=26.27  STF mIoU=21.12
[17:53:23] training complete
[kitti] mIoU=28.02  nuis_corr=0.1500119810923934
[stf] mIoU=21.12  nuis_corr=0.16217253478243948
