[06:32:50] SynLiDAR source scans: 19840  mode=none lambda_w=0.0 cr=0.5
[06:37:37] epoch 0 done in 286s ce=0.643 w=0.0000 nuis_corr=0.277 lr=0.0999
[06:42:18] epoch 1 done in 281s ce=0.325 w=0.0000 nuis_corr=0.303 lr=0.0996
[06:46:57] epoch 2 done in 279s ce=0.248 w=0.0000 nuis_corr=0.330 lr=0.0991
[06:51:34] epoch 3 done in 278s ce=0.215 w=0.0000 nuis_corr=0.324 lr=0.0984
[06:56:12] epoch 4 done in 277s ce=0.186 w=0.0000 nuis_corr=0.312 lr=0.0974
[07:00:49] epoch 5 done in 277s ce=0.178 w=0.0000 nuis_corr=0.333 lr=0.0963
[07:05:26] epoch 6 done in 277s ce=0.172 w=0.0000 nuis_corr=0.351 lr=0.0950
[07:10:03] epoch 7 done in 277s ce=0.177 w=0.0000 nuis_corr=0.335 lr=0.0934
[07:10:17]   EVAL epoch 7: KITTI mIoU=24.97  STF mIoU=18.75
[07:14:54] epoch 8 done in 276s ce=0.161 w=0.0000 nuis_corr=0.392 lr=0.0917
[07:19:30] epoch 9 done in 276s ce=0.155 w=0.0000 nuis_corr=0.422 lr=0.0898
[07:24:06] epoch 10 done in 276s ce=0.150 w=0.0000 nuis_corr=0.412 lr=0.0878
[07:28:43] epoch 11 done in 276s ce=0.143 w=0.0000 nuis_corr=0.391 lr=0.0855
[07:33:19] epoch 12 done in 276s ce=0.150 w=0.0000 nuis_corr=0.403 lr=0.0831
[07:37:55] epoch 13 done in 276s ce=0.143 w=0.0000 nuis_corr=0.381 lr=0.0806
[07:42:31] epoch 14 done in 276s ce=0.139 w=0.0000 nuis_corr=0.353 lr=0.0780
[07:47:06] epoch 15 done in 276s ce=0.134 w=0.0000 nuis_corr=0.362 lr=0.0752
[07:47:21]   EVAL epoch 15: KITTI mIoU=12.09  STF mIoU=8.73
[07:51:57] epoch 16 done in 276s ce=0.124 w=0.0000 nuis_corr=0.356 lr=0.0723
[07:56:33] epoch 17 done in 276s ce=0.135 w=0.0000 nuis_corr=0.412 lr=0.0693
[08:01:09] epoch 18 done in 276s ce=0.141 w=0.0000 nuis_corr=0.381 lr=0.0663
[08:05:45] epoch 19 done in 276s ce=0.131 w=0.0000 nuis_corr=0.316 lr=0.0631
[08:10:21] epoch 20 done in 276s ce=0.120 w=0.0000 nuis_corr=0.318 lr=0.0599
[08:14:57] epoch 21 done in 276s ce=0.127 w=0.0000 nuis_corr=0.331 lr=0.0567
[08:19:33] epoch 22 done in 276s ce=0.117 w=0.0000 nuis_corr=0.327 lr=0.0534
[08:24:09] epoch 23 done in 276s ce=0.121 w=0.0000 nuis_corr=0.352 lr=0.0502
[08:24:24]   EVAL epoch 23: KITTI mIoU=26.71  STF mIoU=19.65
[08:29:00] epoch 24 done in 276s ce=0.115 w=0.0000 nuis_corr=0.309 lr=0.0469
[08:33:36] epoch 25 done in 276s ce=0.107 w=0.0000 nuis_corr=0.336 lr=0.0436
[08:38:11] epoch 26 done in 276s ce=0.122 w=0.0000 nuis_corr=0.299 lr=0.0404
[08:42:47] epoch 27 done in 276s ce=0.101 w=0.0000 nuis_corr=0.306 lr=0.0372
[08:47:23] epoch 28 done in 276s ce=0.111 w=0.0000 nuis_corr=0.273 lr=0.0341
[08:51:58] epoch 29 done in 275s ce=0.104 w=0.0000 nuis_corr=0.275 lr=0.0310
[08:56:33] epoch 30 done in 275s ce=0.108 w=0.0000 nuis_corr=0.254 lr=0.0280
[09:01:10] epoch 31 done in 276s ce=0.104 w=0.0000 nuis_corr=0.274 lr=0.0251
[09:01:24]   EVAL epoch 31: KITTI mIoU=27.41  STF mIoU=21.48
[09:06:00] epoch 32 done in 276s ce=0.095 w=0.0000 nuis_corr=0.269 lr=0.0223
[09:10:36] epoch 33 done in 276s ce=0.084 w=0.0000 nuis_corr=0.301 lr=0.0196
[09:15:12] epoch 34 done in 276s ce=0.088 w=0.0000 nuis_corr=0.269 lr=0.0171
[09:19:47] epoch 35 done in 276s ce=0.082 w=0.0000 nuis_corr=0.295 lr=0.0147
[09:24:23] epoch 36 done in 276s ce=0.078 w=0.0000 nuis_corr=0.267 lr=0.0125
[09:28:58] epoch 37 done in 275s ce=0.075 w=0.0000 nuis_corr=0.255 lr=0.0104
[09:33:34] epoch 38 done in 276s ce=0.072 w=0.0000 nuis_corr=0.260 lr=0.0085
[09:38:12] epoch 39 done in 278s ce=0.070 w=0.0000 nuis_corr=0.251 lr=0.0067
[09:38:27]   EVAL epoch 39: KITTI mIoU=26.56  STF mIoU=20.39
[09:43:07] epoch 40 done in 280s ce=0.068 w=0.0000 nuis_corr=0.279 lr=0.0052
[09:47:43] epoch 41 done in 276s ce=0.066 w=0.0000 nuis_corr=0.236 lr=0.0038
[09:52:19] epoch 42 done in 276s ce=0.064 w=0.0000 nuis_corr=0.303 lr=0.0027
[09:56:55] epoch 43 done in 276s ce=0.062 w=0.0000 nuis_corr=0.268 lr=0.0017
[10:01:31] epoch 44 done in 276s ce=0.061 w=0.0000 nuis_corr=0.241 lr=0.0010
[10:06:08] epoch 45 done in 277s ce=0.060 w=0.0000 nuis_corr=0.266 lr=0.0004
[10:10:43] epoch 46 done in 275s ce=0.059 w=0.0000 nuis_corr=0.279 lr=0.0001
[10:15:19] epoch 47 done in 276s ce=0.059 w=0.0000 nuis_corr=0.290 lr=0.0000
[10:15:34]   EVAL epoch 47: KITTI mIoU=26.98  STF mIoU=20.54
[10:15:34] training complete
[kitti] mIoU=27.66  nuis_corr=0.17557339277118444
[stf] mIoU=20.54  nuis_corr=0.2200997879728675
