[22:12:05] SynLiDAR source scans: 9920  mode=none lambda_w=0.0 cr=0.5
[22:14:35] epoch 0 done in 149s ce=0.852 w=0.0000 nuis_corr=0.342 lr=0.0996
[22:17:00] epoch 1 done in 145s ce=0.514 w=0.0000 nuis_corr=0.337 lr=0.0980
[22:19:26] epoch 2 done in 146s ce=0.435 w=0.0000 nuis_corr=0.373 lr=0.0952
[22:21:51] epoch 3 done in 146s ce=0.388 w=0.0000 nuis_corr=0.370 lr=0.0912
[22:24:16] epoch 4 done in 145s ce=0.347 w=0.0000 nuis_corr=0.357 lr=0.0862
[22:24:31]   EVAL epoch 4: KITTI mIoU=19.89  STF mIoU=13.98
[22:26:56] epoch 5 done in 145s ce=0.308 w=0.0000 nuis_corr=0.358 lr=0.0803
[22:29:22] epoch 6 done in 146s ce=0.276 w=0.0000 nuis_corr=0.383 lr=0.0736
[22:31:47] epoch 7 done in 145s ce=0.249 w=0.0000 nuis_corr=0.371 lr=0.0664
[22:34:13] epoch 8 done in 146s ce=0.232 w=0.0000 nuis_corr=0.350 lr=0.0587
[22:36:38] epoch 9 done in 145s ce=0.219 w=0.0000 nuis_corr=0.322 lr=0.0508
[22:36:53]   EVAL epoch 9: KITTI mIoU=20.76  STF mIoU=17.23
[22:39:18] epoch 10 done in 145s ce=0.199 w=0.0000 nuis_corr=0.349 lr=0.0429
[22:41:44] epoch 11 done in 146s ce=0.189 w=0.0000 nuis_corr=0.362 lr=0.0352
[22:44:09] epoch 12 done in 146s ce=0.177 w=0.0000 nuis_corr=0.388 lr=0.0278
[22:46:35] epoch 13 done in 145s ce=0.160 w=0.0000 nuis_corr=0.401 lr=0.0210
[22:49:00] epoch 14 done in 145s ce=0.150 w=0.0000 nuis_corr=0.393 lr=0.0149
[22:49:15]   EVAL epoch 14: KITTI mIoU=25.69  STF mIoU=19.81
[22:51:40] epoch 15 done in 145s ce=0.143 w=0.0000 nuis_corr=0.380 lr=0.0097
[22:54:05] epoch 16 done in 146s ce=0.133 w=0.0000 nuis_corr=0.344 lr=0.0056
[22:56:31] epoch 17 done in 146s ce=0.128 w=0.0000 nuis_corr=0.359 lr=0.0025
[22:58:56] epoch 18 done in 145s ce=0.124 w=0.0000 nuis_corr=0.395 lr=0.0006
[23:01:22] epoch 19 done in 145s ce=0.122 w=0.0000 nuis_corr=0.375 lr=0.0000
[23:01:37]   EVAL epoch 19: KITTI mIoU=25.56  STF mIoU=20.96
[23:01:37] training complete
[kitti] mIoU=25.43  nuis_corr=0.27798509281128647
[stf] mIoU=20.96  nuis_corr=0.30419780425727366
