[10:16:53] SynLiDAR source scans: 19840  mode=none lambda_w=0.0 cr=0.5
[10:21:52] epoch 0 done in 298s ce=0.722 w=0.0000 nuis_corr=0.326 lr=0.0999
[10:26:44] epoch 1 done in 293s ce=0.455 w=0.0000 nuis_corr=0.346 lr=0.0996
[10:31:37] epoch 2 done in 293s ce=0.369 w=0.0000 nuis_corr=0.339 lr=0.0991
[10:36:29] epoch 3 done in 292s ce=0.310 w=0.0000 nuis_corr=0.360 lr=0.0984
[10:41:22] epoch 4 done in 292s ce=0.272 w=0.0000 nuis_corr=0.330 lr=0.0974
[10:46:14] epoch 5 done in 293s ce=0.242 w=0.0000 nuis_corr=0.334 lr=0.0963
[10:51:07] epoch 6 done in 293s ce=0.226 w=0.0000 nuis_corr=0.331 lr=0.0950
[10:56:00] epoch 7 done in 293s ce=0.214 w=0.0000 nuis_corr=0.300 lr=0.0934
[11:00:51] epoch 8 done in 292s ce=0.203 w=0.0000 nuis_corr=0.296 lr=0.0917
[11:05:44] epoch 9 done in 293s ce=0.190 w=0.0000 nuis_corr=0.286 lr=0.0898
[11:10:36] epoch 10 done in 292s ce=0.188 w=0.0000 nuis_corr=0.295 lr=0.0878
[11:15:28] epoch 11 done in 292s ce=0.185 w=0.0000 nuis_corr=0.326 lr=0.0855
[11:15:42]   EVAL epoch 11: KITTI mIoU=10.23  STF mIoU=9.17
[11:20:34] epoch 12 done in 292s ce=0.180 w=0.0000 nuis_corr=0.343 lr=0.0831
[11:25:26] epoch 13 done in 292s ce=0.180 w=0.0000 nuis_corr=0.301 lr=0.0806
[11:30:18] epoch 14 done in 292s ce=0.169 w=0.0000 nuis_corr=0.316 lr=0.0780
[11:35:10] epoch 15 done in 292s ce=0.167 w=0.0000 nuis_corr=0.303 lr=0.0752
[11:40:02] epoch 16 done in 292s ce=0.158 w=0.0000 nuis_corr=0.318 lr=0.0723
[11:44:53] epoch 17 done in 292s ce=0.161 w=0.0000 nuis_corr=0.352 lr=0.0693
[11:49:45] epoch 18 done in 292s ce=0.151 w=0.0000 nuis_corr=0.371 lr=0.0663
[11:54:37] epoch 19 done in 292s ce=0.165 w=0.0000 nuis_corr=0.341 lr=0.0631
[11:59:28] epoch 20 done in 292s ce=0.156 w=0.0000 nuis_corr=0.314 lr=0.0599
[12:04:20] epoch 21 done in 292s ce=0.147 w=0.0000 nuis_corr=0.287 lr=0.0567
[12:09:12] epoch 22 done in 292s ce=0.149 w=0.0000 nuis_corr=0.328 lr=0.0534
[12:14:04] epoch 23 done in 292s ce=0.144 w=0.0000 nuis_corr=0.297 lr=0.0502
[12:14:18]   EVAL epoch 23: KITTI mIoU=24.51  STF mIoU=20.07
[12:19:11] epoch 24 done in 292s ce=0.140 w=0.0000 nuis_corr=0.322 lr=0.0469
[12:24:03] epoch 25 done in 292s ce=0.146 w=0.0000 nuis_corr=0.281 lr=0.0436
[12:28:55] epoch 26 done in 292s ce=0.131 w=0.0000 nuis_corr=0.280 lr=0.0404
[12:33:48] epoch 27 done in 292s ce=0.152 w=0.0000 nuis_corr=0.283 lr=0.0372
[12:38:46] epoch 28 done in 299s ce=0.152 w=0.0000 nuis_corr=0.274 lr=0.0341
[12:43:52] epoch 29 done in 306s ce=0.127 w=0.0000 nuis_corr=0.291 lr=0.0310
[12:48:53] epoch 30 done in 301s ce=0.126 w=0.0000 nuis_corr=0.276 lr=0.0280
[12:53:45] epoch 31 done in 292s ce=0.118 w=0.0000 nuis_corr=0.269 lr=0.0251
[12:58:38] epoch 32 done in 292s ce=0.111 w=0.0000 nuis_corr=0.281 lr=0.0223
[13:03:30] epoch 33 done in 292s ce=0.112 w=0.0000 nuis_corr=0.298 lr=0.0196
[13:08:22] epoch 34 done in 292s ce=0.114 w=0.0000 nuis_corr=0.269 lr=0.0171
[13:13:15] epoch 35 done in 292s ce=0.107 w=0.0000 nuis_corr=0.293 lr=0.0147
[13:13:29]   EVAL epoch 35: KITTI mIoU=28.12  STF mIoU=22.18
[13:18:21] epoch 36 done in 292s ce=0.102 w=0.0000 nuis_corr=0.290 lr=0.0125
[13:23:13] epoch 37 done in 292s ce=0.102 w=0.0000 nuis_corr=0.264 lr=0.0104
[13:28:05] epoch 38 done in 292s ce=0.099 w=0.0000 nuis_corr=0.254 lr=0.0085
[13:32:57] epoch 39 done in 292s ce=0.096 w=0.0000 nuis_corr=0.306 lr=0.0067
[13:37:49] epoch 40 done in 292s ce=0.091 w=0.0000 nuis_corr=0.287 lr=0.0052
[13:42:41] epoch 41 done in 292s ce=0.087 w=0.0000 nuis_corr=0.278 lr=0.0038
[13:47:33] epoch 42 done in 292s ce=0.085 w=0.0000 nuis_corr=0.268 lr=0.0027
[13:52:25] epoch 43 done in 292s ce=0.082 w=0.0000 nuis_corr=0.301 lr=0.0017
[13:57:17] epoch 44 done in 292s ce=0.081 w=0.0000 nuis_corr=0.280 lr=0.0010
[14:02:09] epoch 45 done in 292s ce=0.079 w=0.0000 nuis_corr=0.303 lr=0.0004
[14:07:01] epoch 46 done in 292s ce=0.078 w=0.0000 nuis_corr=0.292 lr=0.0001
[14:11:53] epoch 47 done in 292s ce=0.078 w=0.0000 nuis_corr=0.294 lr=0.0000
[14:12:08]   EVAL epoch 47: KITTI mIoU=28.94  STF mIoU=23.04
[14:12:08] training complete
[kitti] mIoU=28.65  nuis_corr=0.23532197270542382
[stf] mIoU=23.05  nuis_corr=0.25224324595183134
