[15:06:36] SynLiDAR source scans: 19840  mode=none lambda_w=0.0 cr=0.5
[15:12:33] epoch 0 done in 356s ce=0.700 w=0.0000 nuis_corr=0.378 lr=0.0999
[15:17:40] epoch 1 done in 306s ce=0.425 w=0.0000 nuis_corr=0.388 lr=0.0996
[15:22:41] epoch 2 done in 301s ce=0.362 w=0.0000 nuis_corr=0.426 lr=0.0991
[15:27:41] epoch 3 done in 300s ce=0.303 w=0.0000 nuis_corr=0.348 lr=0.0984
[15:32:41] epoch 4 done in 300s ce=0.265 w=0.0000 nuis_corr=0.371 lr=0.0974
[15:37:42] epoch 5 done in 300s ce=0.235 w=0.0000 nuis_corr=0.278 lr=0.0963
[15:42:42] epoch 6 done in 300s ce=0.224 w=0.0000 nuis_corr=0.315 lr=0.0950
[15:47:42] epoch 7 done in 300s ce=0.224 w=0.0000 nuis_corr=0.310 lr=0.0934
[15:52:42] epoch 8 done in 300s ce=0.228 w=0.0000 nuis_corr=0.353 lr=0.0917
[15:57:42] epoch 9 done in 300s ce=0.213 w=0.0000 nuis_corr=0.337 lr=0.0898
[16:02:48] epoch 10 done in 306s ce=0.192 w=0.0000 nuis_corr=0.326 lr=0.0878
[16:07:52] epoch 11 done in 305s ce=0.190 w=0.0000 nuis_corr=0.350 lr=0.0855
[16:08:08]   EVAL epoch 11: KITTI mIoU=23.07  STF mIoU=19.28
[16:13:13] epoch 12 done in 305s ce=0.187 w=0.0000 nuis_corr=0.304 lr=0.0831
[16:18:19] epoch 13 done in 306s ce=0.176 w=0.0000 nuis_corr=0.326 lr=0.0806
[16:23:30] epoch 14 done in 312s ce=0.189 w=0.0000 nuis_corr=0.342 lr=0.0780
[16:28:45] epoch 15 done in 315s ce=0.206 w=0.0000 nuis_corr=0.248 lr=0.0752
[16:33:57] epoch 16 done in 312s ce=0.181 w=0.0000 nuis_corr=0.279 lr=0.0723
[16:39:11] epoch 17 done in 313s ce=0.172 w=0.0000 nuis_corr=0.261 lr=0.0693
[16:44:23] epoch 18 done in 313s ce=0.164 w=0.0000 nuis_corr=0.260 lr=0.0663
[16:49:36] epoch 19 done in 312s ce=0.156 w=0.0000 nuis_corr=0.279 lr=0.0631
[16:54:48] epoch 20 done in 313s ce=0.154 w=0.0000 nuis_corr=0.274 lr=0.0599
[kitti] mIoU=22.88  nuis_corr=0.2512872349470854
[stf] mIoU=19.28  nuis_corr=0.2855349652469158
