[13:53:13] SynLiDAR source scans: 19840  mode=none lambda_w=0.0 cr=0.5
[14:02:21] epoch 0 done in 547s ce=0.503 w=0.0000 nuis_corr=0.366 lr=0.0999
[14:11:25] epoch 1 done in 544s ce=0.210 w=0.0000 nuis_corr=0.409 lr=0.0996
[14:20:29] epoch 2 done in 544s ce=0.168 w=0.0000 nuis_corr=0.402 lr=0.0991
[14:29:33] epoch 3 done in 544s ce=0.149 w=0.0000 nuis_corr=0.420 lr=0.0984
[14:38:37] epoch 4 done in 544s ce=0.140 w=0.0000 nuis_corr=0.415 lr=0.0974
[14:47:41] epoch 5 done in 544s ce=0.130 w=0.0000 nuis_corr=0.400 lr=0.0963
[14:56:45] epoch 6 done in 544s ce=0.119 w=0.0000 nuis_corr=0.374 lr=0.0950
[15:05:49] epoch 7 done in 544s ce=0.128 w=0.0000 nuis_corr=0.365 lr=0.0934
[15:06:03]   EVAL epoch 7: KITTI mIoU=27.39  STF mIoU=20.23
[15:15:07] epoch 8 done in 544s ce=0.120 w=0.0000 nuis_corr=0.364 lr=0.0917
[15:24:10] epoch 9 done in 543s ce=0.122 w=0.0000 nuis_corr=0.356 lr=0.0898
[15:33:13] epoch 10 done in 543s ce=0.115 w=0.0000 nuis_corr=0.371 lr=0.0878
[15:42:16] epoch 11 done in 543s ce=0.118 w=0.0000 nuis_corr=0.333 lr=0.0855
[15:51:20] epoch 12 done in 543s ce=0.108 w=0.0000 nuis_corr=0.365 lr=0.0831
[16:00:23] epoch 13 done in 543s ce=0.113 w=0.0000 nuis_corr=0.343 lr=0.0806
[16:09:26] epoch 14 done in 543s ce=0.105 w=0.0000 nuis_corr=0.324 lr=0.0780
[16:18:30] epoch 15 done in 543s ce=0.099 w=0.0000 nuis_corr=0.345 lr=0.0752
[16:18:44]   EVAL epoch 15: KITTI mIoU=26.15  STF mIoU=20.36
[16:27:47] epoch 16 done in 543s ce=0.097 w=0.0000 nuis_corr=0.274 lr=0.0723
[16:36:50] epoch 17 done in 543s ce=0.099 w=0.0000 nuis_corr=0.287 lr=0.0693
[16:45:52] epoch 18 done in 543s ce=0.099 w=0.0000 nuis_corr=0.305 lr=0.0663
[16:54:55] epoch 19 done in 543s ce=0.093 w=0.0000 nuis_corr=0.323 lr=0.0631
[17:03:59] epoch 20 done in 543s ce=0.090 w=0.0000 nuis_corr=0.335 lr=0.0599
[17:13:03] epoch 21 done in 544s ce=0.091 w=0.0000 nuis_corr=0.302 lr=0.0567
[17:22:08] epoch 22 done in 545s ce=0.087 w=0.0000 nuis_corr=0.307 lr=0.0534
[17:31:12] epoch 23 done in 544s ce=0.086 w=0.0000 nuis_corr=0.342 lr=0.0502
[17:31:27]   EVAL epoch 23: KITTI mIoU=28.17  STF mIoU=22.24
[17:40:32] epoch 24 done in 545s ce=0.083 w=0.0000 nuis_corr=0.313 lr=0.0469
[17:49:36] epoch 25 done in 544s ce=0.078 w=0.0000 nuis_corr=0.284 lr=0.0436
[17:58:40] epoch 26 done in 544s ce=0.080 w=0.0000 nuis_corr=0.271 lr=0.0404
[18:07:44] epoch 27 done in 544s ce=0.079 w=0.0000 nuis_corr=0.333 lr=0.0372
[18:16:48] epoch 28 done in 544s ce=0.077 w=0.0000 nuis_corr=0.358 lr=0.0341
[18:25:52] epoch 29 done in 544s ce=0.072 w=0.0000 nuis_corr=0.351 lr=0.0310
[18:34:55] epoch 30 done in 543s ce=0.066 w=0.0000 nuis_corr=0.335 lr=0.0280
[18:43:59] epoch 31 done in 544s ce=0.067 w=0.0000 nuis_corr=0.319 lr=0.0251
[18:44:14]   EVAL epoch 31: KITTI mIoU=29.39  STF mIoU=23.99
[18:53:18] epoch 32 done in 544s ce=0.065 w=0.0000 nuis_corr=0.352 lr=0.0223
[19:02:22] epoch 33 done in 544s ce=0.074 w=0.0000 nuis_corr=0.323 lr=0.0196
[19:11:27] epoch 34 done in 544s ce=0.062 w=0.0000 nuis_corr=0.317 lr=0.0171
[19:20:31] epoch 35 done in 544s ce=0.062 w=0.0000 nuis_corr=0.354 lr=0.0147
[19:29:35] epoch 36 done in 544s ce=0.059 w=0.0000 nuis_corr=0.331 lr=0.0125
[19:38:40] epoch 37 done in 545s ce=0.057 w=0.0000 nuis_corr=0.328 lr=0.0104
[19:47:44] epoch 38 done in 544s ce=0.055 w=0.0000 nuis_corr=0.339 lr=0.0085
[19:56:48] epoch 39 done in 545s ce=0.054 w=0.0000 nuis_corr=0.311 lr=0.0067
[19:57:03]   EVAL epoch 39: KITTI mIoU=28.40  STF mIoU=22.54
[20:06:07] epoch 40 done in 544s ce=0.053 w=0.0000 nuis_corr=0.282 lr=0.0052
[20:15:11] epoch 41 done in 544s ce=0.052 w=0.0000 nuis_corr=0.319 lr=0.0038
[20:24:16] epoch 42 done in 544s ce=0.051 w=0.0000 nuis_corr=0.341 lr=0.0027
[20:33:20] epoch 43 done in 544s ce=0.051 w=0.0000 nuis_corr=0.316 lr=0.0017
[20:42:24] epoch 44 done in 544s ce=0.050 w=0.0000 nuis_corr=0.321 lr=0.0010
[20:51:28] epoch 45 done in 544s ce=0.050 w=0.0000 nuis_corr=0.337 lr=0.0004
[21:00:32] epoch 46 done in 544s ce=0.049 w=0.0000 nuis_corr=0.299 lr=0.0001
[21:09:36] epoch 47 done in 544s ce=0.049 w=0.0000 nuis_corr=0.336 lr=0.0000
[21:09:51]   EVAL epoch 47: KITTI mIoU=28.23  STF mIoU=22.71
[21:09:51] training complete
[kitti] mIoU=30.00  nuis_corr=0.22461719065904617
[stf] mIoU=22.71  nuis_corr=0.23385453931987285
