[01:07:13] SynLiDAR source scans: 19840  mode=none lambda_w=0.0 cr=0.5
[01:16:32] epoch 0 done in 558s ce=0.619 w=0.0000 nuis_corr=0.332 lr=0.0999
[01:25:44] epoch 1 done in 552s ce=0.313 w=0.0000 nuis_corr=0.329 lr=0.0996
[01:34:57] epoch 2 done in 553s ce=0.239 w=0.0000 nuis_corr=0.348 lr=0.0991
[01:44:10] epoch 3 done in 553s ce=0.207 w=0.0000 nuis_corr=0.340 lr=0.0984
[01:53:22] epoch 4 done in 552s ce=0.185 w=0.0000 nuis_corr=0.387 lr=0.0974
[02:02:34] epoch 5 done in 553s ce=0.174 w=0.0000 nuis_corr=0.340 lr=0.0963
[02:11:48] epoch 6 done in 553s ce=0.159 w=0.0000 nuis_corr=0.397 lr=0.0950
[02:21:01] epoch 7 done in 553s ce=0.148 w=0.0000 nuis_corr=0.364 lr=0.0934
[02:21:16]   EVAL epoch 7: KITTI mIoU=27.06  STF mIoU=19.38
[02:30:29] epoch 8 done in 553s ce=0.147 w=0.0000 nuis_corr=0.424 lr=0.0917
[02:39:42] epoch 9 done in 553s ce=0.134 w=0.0000 nuis_corr=0.414 lr=0.0898
[02:48:55] epoch 10 done in 553s ce=0.131 w=0.0000 nuis_corr=0.371 lr=0.0878
[02:58:07] epoch 11 done in 552s ce=0.132 w=0.0000 nuis_corr=0.318 lr=0.0855
[03:07:20] epoch 12 done in 553s ce=0.122 w=0.0000 nuis_corr=0.342 lr=0.0831
[03:16:33] epoch 13 done in 553s ce=0.120 w=0.0000 nuis_corr=0.331 lr=0.0806
[03:25:45] epoch 14 done in 552s ce=0.121 w=0.0000 nuis_corr=0.353 lr=0.0780
[03:34:59] epoch 15 done in 554s ce=0.114 w=0.0000 nuis_corr=0.326 lr=0.0752
[03:35:14]   EVAL epoch 15: KITTI mIoU=26.68  STF mIoU=18.20
[03:44:27] epoch 16 done in 553s ce=0.114 w=0.0000 nuis_corr=0.324 lr=0.0723
[03:53:39] epoch 17 done in 552s ce=0.111 w=0.0000 nuis_corr=0.321 lr=0.0693
[04:02:52] epoch 18 done in 554s ce=0.114 w=0.0000 nuis_corr=0.323 lr=0.0663
[04:12:05] epoch 19 done in 552s ce=0.107 w=0.0000 nuis_corr=0.345 lr=0.0631
[04:21:17] epoch 20 done in 552s ce=0.102 w=0.0000 nuis_corr=0.335 lr=0.0599
[04:30:29] epoch 21 done in 552s ce=0.103 w=0.0000 nuis_corr=0.290 lr=0.0567
[04:39:41] epoch 22 done in 552s ce=0.101 w=0.0000 nuis_corr=0.323 lr=0.0534
[04:48:53] epoch 23 done in 552s ce=0.100 w=0.0000 nuis_corr=0.314 lr=0.0502
[04:49:08]   EVAL epoch 23: KITTI mIoU=28.01  STF mIoU=20.52
[04:58:19] epoch 24 done in 552s ce=0.094 w=0.0000 nuis_corr=0.300 lr=0.0469
[05:07:31] epoch 25 done in 552s ce=0.094 w=0.0000 nuis_corr=0.298 lr=0.0436
[05:16:44] epoch 26 done in 552s ce=0.096 w=0.0000 nuis_corr=0.280 lr=0.0404
[05:25:55] epoch 27 done in 551s ce=0.088 w=0.0000 nuis_corr=0.309 lr=0.0372
[05:35:06] epoch 28 done in 552s ce=0.087 w=0.0000 nuis_corr=0.300 lr=0.0341
[05:44:18] epoch 29 done in 552s ce=0.084 w=0.0000 nuis_corr=0.315 lr=0.0310
[05:53:29] epoch 30 done in 551s ce=0.081 w=0.0000 nuis_corr=0.296 lr=0.0280
[06:02:41] epoch 31 done in 552s ce=0.081 w=0.0000 nuis_corr=0.305 lr=0.0251
[06:02:56]   EVAL epoch 31: KITTI mIoU=29.34  STF mIoU=23.07
[06:12:07] epoch 32 done in 551s ce=0.078 w=0.0000 nuis_corr=0.264 lr=0.0223
[06:21:19] epoch 33 done in 551s ce=0.077 w=0.0000 nuis_corr=0.272 lr=0.0196
[06:30:30] epoch 34 done in 552s ce=0.075 w=0.0000 nuis_corr=0.275 lr=0.0171
[06:39:42] epoch 35 done in 551s ce=0.074 w=0.0000 nuis_corr=0.302 lr=0.0147
[06:48:53] epoch 36 done in 552s ce=0.072 w=0.0000 nuis_corr=0.293 lr=0.0125
[06:58:05] epoch 37 done in 551s ce=0.071 w=0.0000 nuis_corr=0.273 lr=0.0104
[07:07:15] epoch 38 done in 550s ce=0.071 w=0.0000 nuis_corr=0.271 lr=0.0085
[07:16:24] epoch 39 done in 549s ce=0.069 w=0.0000 nuis_corr=0.267 lr=0.0067
[07:16:39]   EVAL epoch 39: KITTI mIoU=27.97  STF mIoU=22.20
[07:25:47] epoch 40 done in 548s ce=0.068 w=0.0000 nuis_corr=0.265 lr=0.0052
[07:34:55] epoch 41 done in 548s ce=0.068 w=0.0000 nuis_corr=0.286 lr=0.0038
[07:44:03] epoch 42 done in 548s ce=0.067 w=0.0000 nuis_corr=0.283 lr=0.0027
[07:53:11] epoch 43 done in 548s ce=0.067 w=0.0000 nuis_corr=0.271 lr=0.0017
[08:02:20] epoch 44 done in 548s ce=0.066 w=0.0000 nuis_corr=0.255 lr=0.0010
[08:11:27] epoch 45 done in 548s ce=0.066 w=0.0000 nuis_corr=0.256 lr=0.0004
[08:20:36] epoch 46 done in 548s ce=0.066 w=0.0000 nuis_corr=0.273 lr=0.0001
[08:29:43] epoch 47 done in 548s ce=0.066 w=0.0000 nuis_corr=0.274 lr=0.0000
[08:29:58]   EVAL epoch 47: KITTI mIoU=27.26  STF mIoU=21.93
[08:29:58] training complete
[kitti] mIoU=28.88  nuis_corr=0.19814890548586844
[stf] mIoU=21.93  nuis_corr=0.22774286847561598
