[02:41:30] SynLiDAR source scans: 19840  mode=none lambda_w=0.0 cr=0.5
[02:50:49] epoch 0 done in 558s ce=0.598 w=0.0000 nuis_corr=0.400 lr=0.0999
[02:59:57] epoch 1 done in 548s ce=0.310 w=0.0000 nuis_corr=0.381 lr=0.0996
[03:09:04] epoch 2 done in 547s ce=0.250 w=0.0000 nuis_corr=0.387 lr=0.0991
[03:18:09] epoch 3 done in 545s ce=0.221 w=0.0000 nuis_corr=0.318 lr=0.0984
[03:27:15] epoch 4 done in 546s ce=0.194 w=0.0000 nuis_corr=0.376 lr=0.0974
[03:36:20] epoch 5 done in 545s ce=0.169 w=0.0000 nuis_corr=0.348 lr=0.0963
[03:45:26] epoch 6 done in 545s ce=0.158 w=0.0000 nuis_corr=0.421 lr=0.0950
[03:54:31] epoch 7 done in 545s ce=0.145 w=0.0000 nuis_corr=0.365 lr=0.0934
[03:54:46]   EVAL epoch 7: KITTI mIoU=27.72  STF mIoU=18.90
[04:03:51] epoch 8 done in 545s ce=0.144 w=0.0000 nuis_corr=0.416 lr=0.0917
[04:12:56] epoch 9 done in 545s ce=0.131 w=0.0000 nuis_corr=0.419 lr=0.0898
[04:22:01] epoch 10 done in 545s ce=0.129 w=0.0000 nuis_corr=0.360 lr=0.0878
[04:31:06] epoch 11 done in 545s ce=0.129 w=0.0000 nuis_corr=0.352 lr=0.0855
[04:40:12] epoch 12 done in 545s ce=0.121 w=0.0000 nuis_corr=0.387 lr=0.0831
[04:49:17] epoch 13 done in 545s ce=0.131 w=0.0000 nuis_corr=0.376 lr=0.0806
[04:58:22] epoch 14 done in 545s ce=0.135 w=0.0000 nuis_corr=0.377 lr=0.0780
[05:07:26] epoch 15 done in 545s ce=0.124 w=0.0000 nuis_corr=0.406 lr=0.0752
[05:07:41]   EVAL epoch 15: KITTI mIoU=26.81  STF mIoU=22.85
[05:16:45] epoch 16 done in 544s ce=0.112 w=0.0000 nuis_corr=0.386 lr=0.0723
[05:25:50] epoch 17 done in 545s ce=0.114 w=0.0000 nuis_corr=0.350 lr=0.0693
[05:34:54] epoch 18 done in 544s ce=0.104 w=0.0000 nuis_corr=0.303 lr=0.0663
[05:43:59] epoch 19 done in 545s ce=0.106 w=0.0000 nuis_corr=0.351 lr=0.0631
[05:53:03] epoch 20 done in 544s ce=0.104 w=0.0000 nuis_corr=0.337 lr=0.0599
[06:02:07] epoch 21 done in 544s ce=0.102 w=0.0000 nuis_corr=0.325 lr=0.0567
[06:11:12] epoch 22 done in 544s ce=0.095 w=0.0000 nuis_corr=0.297 lr=0.0534
[06:20:16] epoch 23 done in 545s ce=0.091 w=0.0000 nuis_corr=0.304 lr=0.0502
[06:20:31]   EVAL epoch 23: KITTI mIoU=28.96  STF mIoU=21.22
[06:29:35] epoch 24 done in 545s ce=0.099 w=0.0000 nuis_corr=0.313 lr=0.0469
[06:38:46] epoch 25 done in 550s ce=0.090 w=0.0000 nuis_corr=0.339 lr=0.0436
[06:47:51] epoch 26 done in 545s ce=0.093 w=0.0000 nuis_corr=0.311 lr=0.0404
[06:56:53] epoch 27 done in 542s ce=0.090 w=0.0000 nuis_corr=0.278 lr=0.0372
[07:05:55] epoch 28 done in 542s ce=0.088 w=0.0000 nuis_corr=0.319 lr=0.0341
[07:14:56] epoch 29 done in 541s ce=0.079 w=0.0000 nuis_corr=0.270 lr=0.0310
[07:23:57] epoch 30 done in 541s ce=0.079 w=0.0000 nuis_corr=0.274 lr=0.0280
[07:32:58] epoch 31 done in 541s ce=0.076 w=0.0000 nuis_corr=0.268 lr=0.0251
[07:33:13]   EVAL epoch 31: KITTI mIoU=28.58  STF mIoU=21.87
[07:42:13] epoch 32 done in 541s ce=0.073 w=0.0000 nuis_corr=0.256 lr=0.0223
[07:51:14] epoch 33 done in 541s ce=0.073 w=0.0000 nuis_corr=0.248 lr=0.0196
[08:00:15] epoch 34 done in 541s ce=0.069 w=0.0000 nuis_corr=0.305 lr=0.0171
[08:09:17] epoch 35 done in 541s ce=0.067 w=0.0000 nuis_corr=0.267 lr=0.0147
[08:18:17] epoch 36 done in 541s ce=0.065 w=0.0000 nuis_corr=0.319 lr=0.0125
[08:27:19] epoch 37 done in 541s ce=0.064 w=0.0000 nuis_corr=0.240 lr=0.0104
[08:36:20] epoch 38 done in 541s ce=0.062 w=0.0000 nuis_corr=0.280 lr=0.0085
[08:45:21] epoch 39 done in 541s ce=0.061 w=0.0000 nuis_corr=0.264 lr=0.0067
[08:45:35]   EVAL epoch 39: KITTI mIoU=27.61  STF mIoU=21.35
[08:54:36] epoch 40 done in 541s ce=0.060 w=0.0000 nuis_corr=0.250 lr=0.0052
[09:03:37] epoch 41 done in 541s ce=0.059 w=0.0000 nuis_corr=0.291 lr=0.0038
[09:12:38] epoch 42 done in 541s ce=0.058 w=0.0000 nuis_corr=0.288 lr=0.0027
[09:21:39] epoch 43 done in 541s ce=0.058 w=0.0000 nuis_corr=0.294 lr=0.0017
[09:30:39] epoch 44 done in 540s ce=0.056 w=0.0000 nuis_corr=0.290 lr=0.0010
[09:39:40] epoch 45 done in 541s ce=0.056 w=0.0000 nuis_corr=0.294 lr=0.0004
[09:48:42] epoch 46 done in 541s ce=0.056 w=0.0000 nuis_corr=0.289 lr=0.0001
[09:58:11] epoch 47 done in 569s ce=0.056 w=0.0000 nuis_corr=0.299 lr=0.0000
[09:58:52]   EVAL epoch 47: KITTI mIoU=27.53  STF mIoU=21.56
[09:58:52] training complete
[kitti] mIoU=28.96  nuis_corr=0.18578715790063144
[stf] mIoU=21.56  nuis_corr=0.2314035829156637
