[17:42:02] SynLiDAR source scans: 19840  mode=none lambda_w=0.0 cr=0.5
[17:51:20] epoch 0 done in 557s ce=0.607 w=0.0000 nuis_corr=0.422 lr=0.0999
[18:00:34] epoch 1 done in 553s ce=0.298 w=0.0000 nuis_corr=0.416 lr=0.0996
[18:09:47] epoch 2 done in 553s ce=0.223 w=0.0000 nuis_corr=0.427 lr=0.0991
[18:19:00] epoch 3 done in 553s ce=0.195 w=0.0000 nuis_corr=0.395 lr=0.0984
[18:28:14] epoch 4 done in 553s ce=0.177 w=0.0000 nuis_corr=0.407 lr=0.0974
[18:37:26] epoch 5 done in 552s ce=0.159 w=0.0000 nuis_corr=0.410 lr=0.0963
[18:46:39] epoch 6 done in 553s ce=0.162 w=0.0000 nuis_corr=0.471 lr=0.0950
[18:55:52] epoch 7 done in 552s ce=0.143 w=0.0000 nuis_corr=0.418 lr=0.0934
[18:56:06]   EVAL epoch 7: KITTI mIoU=24.33  STF mIoU=17.55
[19:05:19] epoch 8 done in 552s ce=0.140 w=0.0000 nuis_corr=0.459 lr=0.0917
[19:14:31] epoch 9 done in 552s ce=0.131 w=0.0000 nuis_corr=0.473 lr=0.0898
[19:23:43] epoch 10 done in 552s ce=0.125 w=0.0000 nuis_corr=0.422 lr=0.0878
[19:32:55] epoch 11 done in 552s ce=0.141 w=0.0000 nuis_corr=0.399 lr=0.0855
[19:42:07] epoch 12 done in 552s ce=0.123 w=0.0000 nuis_corr=0.425 lr=0.0831
[19:51:19] epoch 13 done in 552s ce=0.116 w=0.0000 nuis_corr=0.411 lr=0.0806
[20:00:31] epoch 14 done in 552s ce=0.127 w=0.0000 nuis_corr=0.401 lr=0.0780
[20:09:44] epoch 15 done in 552s ce=0.116 w=0.0000 nuis_corr=0.371 lr=0.0752
[20:09:58]   EVAL epoch 15: KITTI mIoU=23.67  STF mIoU=18.68
[20:19:10] epoch 16 done in 552s ce=0.123 w=0.0000 nuis_corr=0.385 lr=0.0723
[20:28:23] epoch 17 done in 552s ce=0.113 w=0.0000 nuis_corr=0.358 lr=0.0693
[20:37:35] epoch 18 done in 552s ce=0.111 w=0.0000 nuis_corr=0.325 lr=0.0663
[20:46:47] epoch 19 done in 552s ce=0.112 w=0.0000 nuis_corr=0.329 lr=0.0631
[20:55:59] epoch 20 done in 552s ce=0.108 w=0.0000 nuis_corr=0.302 lr=0.0599
[21:05:11] epoch 21 done in 552s ce=0.121 w=0.0000 nuis_corr=0.294 lr=0.0567
[21:14:34] epoch 22 done in 563s ce=0.104 w=0.0000 nuis_corr=0.303 lr=0.0534
[21:23:50] epoch 23 done in 557s ce=0.107 w=0.0000 nuis_corr=0.307 lr=0.0502
[21:24:05]   EVAL epoch 23: KITTI mIoU=29.20  STF mIoU=20.70
[21:33:18] epoch 24 done in 552s ce=0.119 w=0.0000 nuis_corr=0.287 lr=0.0469
[21:42:30] epoch 25 done in 552s ce=0.098 w=0.0000 nuis_corr=0.295 lr=0.0436
[21:51:42] epoch 26 done in 552s ce=0.103 w=0.0000 nuis_corr=0.255 lr=0.0404
[22:00:53] epoch 27 done in 551s ce=0.098 w=0.0000 nuis_corr=0.281 lr=0.0372
[22:10:03] epoch 28 done in 550s ce=0.093 w=0.0000 nuis_corr=0.288 lr=0.0341
[22:19:17] epoch 29 done in 554s ce=0.092 w=0.0000 nuis_corr=0.288 lr=0.0310
[22:28:44] epoch 30 done in 568s ce=0.088 w=0.0000 nuis_corr=0.268 lr=0.0280
[22:38:10] epoch 31 done in 566s ce=0.089 w=0.0000 nuis_corr=0.308 lr=0.0251
[22:38:26]   EVAL epoch 31: KITTI mIoU=25.05  STF mIoU=19.88
[22:47:39] epoch 32 done in 554s ce=0.088 w=0.0000 nuis_corr=0.286 lr=0.0223
[22:56:47] epoch 33 done in 548s ce=0.084 w=0.0000 nuis_corr=0.281 lr=0.0196
[23:05:55] epoch 34 done in 548s ce=0.076 w=0.0000 nuis_corr=0.298 lr=0.0171
[23:15:03] epoch 35 done in 548s ce=0.076 w=0.0000 nuis_corr=0.313 lr=0.0147
[23:24:11] epoch 36 done in 548s ce=0.069 w=0.0000 nuis_corr=0.337 lr=0.0125
[23:33:20] epoch 37 done in 549s ce=0.067 w=0.0000 nuis_corr=0.331 lr=0.0104
[23:42:29] epoch 38 done in 549s ce=0.064 w=0.0000 nuis_corr=0.306 lr=0.0085
[23:51:38] epoch 39 done in 549s ce=0.062 w=0.0000 nuis_corr=0.319 lr=0.0067
[23:51:52]   EVAL epoch 39: KITTI mIoU=26.90  STF mIoU=20.62
[00:01:00] epoch 40 done in 548s ce=0.060 w=0.0000 nuis_corr=0.309 lr=0.0052
[00:10:09] epoch 41 done in 549s ce=0.058 w=0.0000 nuis_corr=0.311 lr=0.0038
[00:19:19] epoch 42 done in 550s ce=0.057 w=0.0000 nuis_corr=0.328 lr=0.0027
[00:28:29] epoch 43 done in 550s ce=0.056 w=0.0000 nuis_corr=0.307 lr=0.0017
[00:37:40] epoch 44 done in 551s ce=0.055 w=0.0000 nuis_corr=0.287 lr=0.0010
[00:46:51] epoch 45 done in 551s ce=0.055 w=0.0000 nuis_corr=0.305 lr=0.0004
[00:56:01] epoch 46 done in 551s ce=0.054 w=0.0000 nuis_corr=0.295 lr=0.0001
[01:05:13] epoch 47 done in 551s ce=0.054 w=0.0000 nuis_corr=0.320 lr=0.0000
[01:05:27]   EVAL epoch 47: KITTI mIoU=27.05  STF mIoU=20.72
[01:05:27] training complete
[kitti] mIoU=29.04  nuis_corr=0.2304217329248786
[stf] mIoU=20.72  nuis_corr=0.22441179919987916
