[08:31:43] SynLiDAR source scans: 19840  mode=none lambda_w=0.0 cr=0.5
[08:41:00] epoch 0 done in 556s ce=0.622 w=0.0000 nuis_corr=0.349 lr=0.0999
[08:50:11] epoch 1 done in 551s ce=0.316 w=0.0000 nuis_corr=0.331 lr=0.0996
[08:59:16] SynLiDAR source scans: 19840  mode=none lambda_w=0.0 cr=0.5
[09:08:24] epoch 0 done in 547s ce=0.599 w=0.0000 nuis_corr=0.332 lr=0.0999
[09:17:29] epoch 1 done in 544s ce=0.303 w=0.0000 nuis_corr=0.313 lr=0.0996
[09:26:32] epoch 2 done in 544s ce=0.244 w=0.0000 nuis_corr=0.337 lr=0.0991
[09:35:36] epoch 3 done in 544s ce=0.210 w=0.0000 nuis_corr=0.319 lr=0.0984
[09:44:39] epoch 4 done in 543s ce=0.191 w=0.0000 nuis_corr=0.319 lr=0.0974
[09:53:42] epoch 5 done in 543s ce=0.184 w=0.0000 nuis_corr=0.274 lr=0.0963
[10:02:45] epoch 6 done in 543s ce=0.179 w=0.0000 nuis_corr=0.334 lr=0.0950
[10:11:47] epoch 7 done in 543s ce=0.168 w=0.0000 nuis_corr=0.301 lr=0.0934
[10:12:02]   EVAL epoch 7: KITTI mIoU=27.73  STF mIoU=19.20
[10:21:04] epoch 8 done in 542s ce=0.160 w=0.0000 nuis_corr=0.309 lr=0.0917
[10:30:06] epoch 9 done in 542s ce=0.158 w=0.0000 nuis_corr=0.338 lr=0.0898
[10:39:09] epoch 10 done in 542s ce=0.147 w=0.0000 nuis_corr=0.310 lr=0.0878
[10:48:11] epoch 11 done in 542s ce=0.154 w=0.0000 nuis_corr=0.307 lr=0.0855
[10:57:13] epoch 12 done in 542s ce=0.135 w=0.0000 nuis_corr=0.298 lr=0.0831
[11:06:15] epoch 13 done in 542s ce=0.132 w=0.0000 nuis_corr=0.322 lr=0.0806
[11:15:17] epoch 14 done in 542s ce=0.127 w=0.0000 nuis_corr=0.330 lr=0.0780
[11:24:19] epoch 15 done in 542s ce=0.127 w=0.0000 nuis_corr=0.330 lr=0.0752
[11:24:33]   EVAL epoch 15: KITTI mIoU=24.20  STF mIoU=20.81
[11:33:35] epoch 16 done in 541s ce=0.124 w=0.0000 nuis_corr=0.332 lr=0.0723
[11:42:36] epoch 17 done in 541s ce=0.125 w=0.0000 nuis_corr=0.314 lr=0.0693
[11:51:38] epoch 18 done in 541s ce=0.121 w=0.0000 nuis_corr=0.311 lr=0.0663
[12:00:39] epoch 19 done in 541s ce=0.124 w=0.0000 nuis_corr=0.361 lr=0.0631
[12:09:40] epoch 20 done in 541s ce=0.120 w=0.0000 nuis_corr=0.374 lr=0.0599
[12:18:41] epoch 21 done in 541s ce=0.119 w=0.0000 nuis_corr=0.337 lr=0.0567
[12:27:42] epoch 22 done in 541s ce=0.112 w=0.0000 nuis_corr=0.397 lr=0.0534
[12:36:43] epoch 23 done in 541s ce=0.108 w=0.0000 nuis_corr=0.410 lr=0.0502
[12:36:57]   EVAL epoch 23: KITTI mIoU=28.73  STF mIoU=20.83
[12:45:58] epoch 24 done in 541s ce=0.108 w=0.0000 nuis_corr=0.365 lr=0.0469
[12:54:58] epoch 25 done in 541s ce=0.107 w=0.0000 nuis_corr=0.429 lr=0.0436
[13:03:59] epoch 26 done in 540s ce=0.105 w=0.0000 nuis_corr=0.368 lr=0.0404
[13:12:59] epoch 27 done in 540s ce=0.103 w=0.0000 nuis_corr=0.433 lr=0.0372
[13:21:59] epoch 28 done in 540s ce=0.100 w=0.0000 nuis_corr=0.404 lr=0.0341
[13:31:00] epoch 29 done in 540s ce=0.098 w=0.0000 nuis_corr=0.440 lr=0.0310
[13:40:00] epoch 30 done in 540s ce=0.098 w=0.0000 nuis_corr=0.408 lr=0.0280
[13:49:00] epoch 31 done in 540s ce=0.096 w=0.0000 nuis_corr=0.434 lr=0.0251
[13:49:15]   EVAL epoch 31: KITTI mIoU=30.40  STF mIoU=23.05
[13:58:15] epoch 32 done in 540s ce=0.096 w=0.0000 nuis_corr=0.396 lr=0.0223
[14:07:15] epoch 33 done in 540s ce=0.093 w=0.0000 nuis_corr=0.394 lr=0.0196
[14:16:15] epoch 34 done in 540s ce=0.093 w=0.0000 nuis_corr=0.389 lr=0.0171
[14:25:15] epoch 35 done in 540s ce=0.092 w=0.0000 nuis_corr=0.442 lr=0.0147
[14:34:15] epoch 36 done in 540s ce=0.090 w=0.0000 nuis_corr=0.423 lr=0.0125
[14:43:15] epoch 37 done in 540s ce=0.088 w=0.0000 nuis_corr=0.412 lr=0.0104
[14:52:15] epoch 38 done in 540s ce=0.087 w=0.0000 nuis_corr=0.399 lr=0.0085
[15:01:15] epoch 39 done in 540s ce=0.086 w=0.0000 nuis_corr=0.416 lr=0.0067
[15:01:30]   EVAL epoch 39: KITTI mIoU=28.74  STF mIoU=22.70
[15:10:30] epoch 40 done in 540s ce=0.085 w=0.0000 nuis_corr=0.410 lr=0.0052
[15:19:30] epoch 41 done in 540s ce=0.084 w=0.0000 nuis_corr=0.425 lr=0.0038
[15:28:30] epoch 42 done in 540s ce=0.084 w=0.0000 nuis_corr=0.436 lr=0.0027
[15:37:31] epoch 43 done in 540s ce=0.083 w=0.0000 nuis_corr=0.397 lr=0.0017
[15:46:31] epoch 44 done in 540s ce=0.083 w=0.0000 nuis_corr=0.400 lr=0.0010
[15:55:31] epoch 45 done in 540s ce=0.083 w=0.0000 nuis_corr=0.406 lr=0.0004
[16:04:32] epoch 46 done in 541s ce=0.083 w=0.0000 nuis_corr=0.398 lr=0.0001
[16:13:35] epoch 47 done in 542s ce=0.083 w=0.0000 nuis_corr=0.421 lr=0.0000
[16:13:50]   EVAL epoch 47: KITTI mIoU=28.32  STF mIoU=22.41
[16:13:50] training complete
[kitti] mIoU=29.08  nuis_corr=0.26191698871552943
[stf] mIoU=22.41  nuis_corr=0.27975034806877375
