[01:44:00] SynLiDAR source scans: 19840  mode=none lambda_w=0.0 cr=0.5
[01:57:26] epoch 0 done in 805s ce=0.544 w=0.0000 nuis_corr=0.379 lr=0.0999
[02:07:59] epoch 1 done in 633s ce=0.252 w=0.0000 nuis_corr=0.426 lr=0.0996
[02:18:32] epoch 2 done in 633s ce=0.203 w=0.0000 nuis_corr=0.387 lr=0.0991
[02:29:04] epoch 3 done in 633s ce=0.173 w=0.0000 nuis_corr=0.349 lr=0.0984
[02:39:07] epoch 4 done in 603s ce=0.166 w=0.0000 nuis_corr=0.311 lr=0.0974
[02:49:38] epoch 5 done in 631s ce=0.153 w=0.0000 nuis_corr=0.305 lr=0.0963
[03:00:12] epoch 6 done in 634s ce=0.149 w=0.0000 nuis_corr=0.287 lr=0.0950
[03:10:45] epoch 7 done in 633s ce=0.145 w=0.0000 nuis_corr=0.267 lr=0.0934
[03:21:17] epoch 8 done in 632s ce=0.145 w=0.0000 nuis_corr=0.317 lr=0.0917
[03:31:51] epoch 9 done in 634s ce=0.136 w=0.0000 nuis_corr=0.310 lr=0.0898
[03:42:23] epoch 10 done in 632s ce=0.137 w=0.0000 nuis_corr=0.339 lr=0.0878
[03:52:55] epoch 11 done in 632s ce=0.132 w=0.0000 nuis_corr=0.314 lr=0.0855
[03:53:11]   EVAL epoch 11: KITTI mIoU=27.48  STF mIoU=21.79
[04:03:27] epoch 12 done in 616s ce=0.133 w=0.0000 nuis_corr=0.325 lr=0.0831
[04:13:43] epoch 13 done in 617s ce=0.130 w=0.0000 nuis_corr=0.318 lr=0.0806
[04:24:16] epoch 14 done in 632s ce=0.126 w=0.0000 nuis_corr=0.314 lr=0.0780
[04:34:48] epoch 15 done in 632s ce=0.121 w=0.0000 nuis_corr=0.272 lr=0.0752
[04:45:20] epoch 16 done in 632s ce=0.119 w=0.0000 nuis_corr=0.300 lr=0.0723
[04:55:52] epoch 17 done in 633s ce=0.119 w=0.0000 nuis_corr=0.309 lr=0.0693
[05:06:25] epoch 18 done in 632s ce=0.118 w=0.0000 nuis_corr=0.290 lr=0.0663
[05:16:57] epoch 19 done in 632s ce=0.117 w=0.0000 nuis_corr=0.317 lr=0.0631
[05:27:29] epoch 20 done in 632s ce=0.110 w=0.0000 nuis_corr=0.286 lr=0.0599
[05:37:58] epoch 21 done in 629s ce=0.108 w=0.0000 nuis_corr=0.265 lr=0.0567
[05:48:02] epoch 22 done in 604s ce=0.104 w=0.0000 nuis_corr=0.313 lr=0.0534
[05:58:09] epoch 23 done in 607s ce=0.106 w=0.0000 nuis_corr=0.330 lr=0.0502
[05:58:24]   EVAL epoch 23: KITTI mIoU=26.23  STF mIoU=22.75
[06:08:57] epoch 24 done in 633s ce=0.101 w=0.0000 nuis_corr=0.348 lr=0.0469
[06:19:29] epoch 25 done in 632s ce=0.098 w=0.0000 nuis_corr=0.285 lr=0.0436
[06:30:01] epoch 26 done in 632s ce=0.096 w=0.0000 nuis_corr=0.319 lr=0.0404
[06:40:33] epoch 27 done in 632s ce=0.096 w=0.0000 nuis_corr=0.376 lr=0.0372
[06:51:05] epoch 28 done in 632s ce=0.093 w=0.0000 nuis_corr=0.330 lr=0.0341
[07:01:38] epoch 29 done in 633s ce=0.089 w=0.0000 nuis_corr=0.308 lr=0.0310
[07:12:10] epoch 30 done in 633s ce=0.087 w=0.0000 nuis_corr=0.292 lr=0.0280
[07:22:33] epoch 31 done in 623s ce=0.083 w=0.0000 nuis_corr=0.333 lr=0.0251
[07:32:42] epoch 32 done in 609s ce=0.084 w=0.0000 nuis_corr=0.273 lr=0.0223
[07:43:11] epoch 33 done in 629s ce=0.080 w=0.0000 nuis_corr=0.294 lr=0.0196
[07:53:39] epoch 34 done in 628s ce=0.078 w=0.0000 nuis_corr=0.300 lr=0.0171
[08:04:08] epoch 35 done in 629s ce=0.076 w=0.0000 nuis_corr=0.300 lr=0.0147
[08:04:23]   EVAL epoch 35: KITTI mIoU=29.69  STF mIoU=25.32
[08:14:51] epoch 36 done in 628s ce=0.073 w=0.0000 nuis_corr=0.308 lr=0.0125
[08:25:18] epoch 37 done in 627s ce=0.072 w=0.0000 nuis_corr=0.296 lr=0.0104
[08:35:45] epoch 38 done in 627s ce=0.070 w=0.0000 nuis_corr=0.290 lr=0.0085
[08:45:48] epoch 39 done in 603s ce=0.069 w=0.0000 nuis_corr=0.297 lr=0.0067
[08:56:11] epoch 40 done in 623s ce=0.068 w=0.0000 nuis_corr=0.335 lr=0.0052
[09:06:39] epoch 41 done in 629s ce=0.066 w=0.0000 nuis_corr=0.286 lr=0.0038
[09:16:46] epoch 42 done in 607s ce=0.065 w=0.0000 nuis_corr=0.279 lr=0.0027
[09:27:05] epoch 43 done in 618s ce=0.065 w=0.0000 nuis_corr=0.306 lr=0.0017
[09:37:32] epoch 44 done in 627s ce=0.064 w=0.0000 nuis_corr=0.282 lr=0.0010
[09:47:34] epoch 45 done in 602s ce=0.064 w=0.0000 nuis_corr=0.302 lr=0.0004
[09:57:32] epoch 46 done in 598s ce=0.063 w=0.0000 nuis_corr=0.336 lr=0.0001
[10:07:30] epoch 47 done in 598s ce=0.063 w=0.0000 nuis_corr=0.288 lr=0.0000
[10:07:45]   EVAL epoch 47: KITTI mIoU=29.44  STF mIoU=25.65
[10:07:45] training complete
[kitti] mIoU=30.87  nuis_corr=0.21265857815742492
[stf] mIoU=25.65  nuis_corr=0.2323025044053793
