[03:58:11] SynLiDAR source scans: 19840  mode=none lambda_w=0.0 cr=0.5
[04:06:43] epoch 0 done in 511s ce=0.571 w=0.0000 nuis_corr=0.393 lr=0.0999
[04:15:11] epoch 1 done in 507s ce=0.274 w=0.0000 nuis_corr=0.347 lr=0.0996
[04:23:38] epoch 2 done in 507s ce=0.208 w=0.0000 nuis_corr=0.432 lr=0.0991
[04:32:05] epoch 3 done in 507s ce=0.184 w=0.0000 nuis_corr=0.410 lr=0.0984
[04:40:32] epoch 4 done in 507s ce=0.168 w=0.0000 nuis_corr=0.444 lr=0.0974
[04:48:58] epoch 5 done in 507s ce=0.156 w=0.0000 nuis_corr=0.504 lr=0.0963
[04:57:26] epoch 6 done in 507s ce=0.156 w=0.0000 nuis_corr=0.545 lr=0.0950
[05:05:53] epoch 7 done in 507s ce=0.142 w=0.0000 nuis_corr=0.508 lr=0.0934
[05:06:07]   EVAL epoch 7: KITTI mIoU=28.56  STF mIoU=21.22
[05:14:34] epoch 8 done in 507s ce=0.137 w=0.0000 nuis_corr=0.496 lr=0.0917
[05:23:01] epoch 9 done in 507s ce=0.142 w=0.0000 nuis_corr=0.527 lr=0.0898
[05:31:28] epoch 10 done in 507s ce=0.134 w=0.0000 nuis_corr=0.495 lr=0.0878
[05:39:54] epoch 11 done in 506s ce=0.132 w=0.0000 nuis_corr=0.460 lr=0.0855
[05:48:20] epoch 12 done in 507s ce=0.132 w=0.0000 nuis_corr=0.447 lr=0.0831
[05:56:47] epoch 13 done in 506s ce=0.127 w=0.0000 nuis_corr=0.435 lr=0.0806
[06:05:13] epoch 14 done in 506s ce=0.118 w=0.0000 nuis_corr=0.428 lr=0.0780
[06:13:39] epoch 15 done in 506s ce=0.115 w=0.0000 nuis_corr=0.379 lr=0.0752
[06:13:54]   EVAL epoch 15: KITTI mIoU=25.91  STF mIoU=20.11
[06:22:21] epoch 16 done in 507s ce=0.115 w=0.0000 nuis_corr=0.354 lr=0.0723
[06:30:47] epoch 17 done in 506s ce=0.110 w=0.0000 nuis_corr=0.325 lr=0.0693
[06:39:13] epoch 18 done in 506s ce=0.107 w=0.0000 nuis_corr=0.370 lr=0.0663
[06:47:39] epoch 19 done in 506s ce=0.106 w=0.0000 nuis_corr=0.302 lr=0.0631
[06:56:05] epoch 20 done in 506s ce=0.101 w=0.0000 nuis_corr=0.310 lr=0.0599
[07:04:30] epoch 21 done in 505s ce=0.106 w=0.0000 nuis_corr=0.307 lr=0.0567
[07:12:54] epoch 22 done in 504s ce=0.102 w=0.0000 nuis_corr=0.311 lr=0.0534
[07:21:18] epoch 23 done in 504s ce=0.097 w=0.0000 nuis_corr=0.306 lr=0.0502
[07:21:32]   EVAL epoch 23: KITTI mIoU=29.13  STF mIoU=21.69
[07:29:55] epoch 24 done in 503s ce=0.095 w=0.0000 nuis_corr=0.308 lr=0.0469
[07:38:18] epoch 25 done in 503s ce=0.088 w=0.0000 nuis_corr=0.365 lr=0.0436
[07:46:41] epoch 26 done in 503s ce=0.085 w=0.0000 nuis_corr=0.289 lr=0.0404
[07:55:03] epoch 27 done in 502s ce=0.085 w=0.0000 nuis_corr=0.364 lr=0.0372
[08:03:26] epoch 28 done in 502s ce=0.088 w=0.0000 nuis_corr=0.302 lr=0.0341
[08:11:48] epoch 29 done in 502s ce=0.080 w=0.0000 nuis_corr=0.331 lr=0.0310
[08:20:10] epoch 30 done in 502s ce=0.078 w=0.0000 nuis_corr=0.331 lr=0.0280
[08:28:32] epoch 31 done in 502s ce=0.076 w=0.0000 nuis_corr=0.337 lr=0.0251
[08:28:47]   EVAL epoch 31: KITTI mIoU=29.45  STF mIoU=23.39
[08:37:09] epoch 32 done in 502s ce=0.079 w=0.0000 nuis_corr=0.371 lr=0.0223
[08:45:32] epoch 33 done in 503s ce=0.075 w=0.0000 nuis_corr=0.434 lr=0.0196
[08:53:54] epoch 34 done in 503s ce=0.069 w=0.0000 nuis_corr=0.407 lr=0.0171
[08:59:06] SynLiDAR source scans: 19840  mode=none lambda_w=0.0 cr=0.5
[09:08:06] epoch 0 done in 540s ce=0.466 w=0.0000 nuis_corr=0.426 lr=0.0999
[09:16:58] epoch 1 done in 532s ce=0.225 w=0.0000 nuis_corr=0.460 lr=0.0996
[09:25:51] epoch 2 done in 533s ce=0.185 w=0.0000 nuis_corr=0.492 lr=0.0991
[09:34:43] epoch 3 done in 532s ce=0.156 w=0.0000 nuis_corr=0.464 lr=0.0984
[09:43:35] epoch 4 done in 531s ce=0.143 w=0.0000 nuis_corr=0.428 lr=0.0974
[09:52:17] epoch 5 done in 522s ce=0.135 w=0.0000 nuis_corr=0.372 lr=0.0963
[10:00:55] epoch 6 done in 518s ce=0.132 w=0.0000 nuis_corr=0.309 lr=0.0950
[10:09:33] epoch 7 done in 518s ce=0.125 w=0.0000 nuis_corr=0.343 lr=0.0934
[10:09:48]   EVAL epoch 7: KITTI mIoU=28.32  STF mIoU=23.63
[10:18:27] epoch 8 done in 519s ce=0.122 w=0.0000 nuis_corr=0.348 lr=0.0917
[10:27:05] epoch 9 done in 518s ce=0.119 w=0.0000 nuis_corr=0.305 lr=0.0898
[10:35:43] epoch 10 done in 518s ce=0.119 w=0.0000 nuis_corr=0.364 lr=0.0878
[10:44:21] epoch 11 done in 518s ce=0.122 w=0.0000 nuis_corr=0.307 lr=0.0855
[10:52:59] epoch 12 done in 518s ce=0.117 w=0.0000 nuis_corr=0.337 lr=0.0831
[11:01:38] epoch 13 done in 519s ce=0.117 w=0.0000 nuis_corr=0.299 lr=0.0806
[11:10:16] epoch 14 done in 518s ce=0.115 w=0.0000 nuis_corr=0.358 lr=0.0780
[11:18:53] epoch 15 done in 518s ce=0.116 w=0.0000 nuis_corr=0.347 lr=0.0752
[11:19:08]   EVAL epoch 15: KITTI mIoU=22.11  STF mIoU=15.47
[11:27:46] epoch 16 done in 518s ce=0.110 w=0.0000 nuis_corr=0.330 lr=0.0723
[11:36:23] epoch 17 done in 518s ce=0.109 w=0.0000 nuis_corr=0.331 lr=0.0693
[11:45:02] epoch 18 done in 518s ce=0.111 w=0.0000 nuis_corr=0.368 lr=0.0663
[11:53:39] epoch 19 done in 517s ce=0.101 w=0.0000 nuis_corr=0.336 lr=0.0631
[12:02:17] epoch 20 done in 518s ce=0.101 w=0.0000 nuis_corr=0.320 lr=0.0599
[12:10:54] epoch 21 done in 517s ce=0.100 w=0.0000 nuis_corr=0.337 lr=0.0567
[12:19:32] epoch 22 done in 518s ce=0.099 w=0.0000 nuis_corr=0.337 lr=0.0534
[12:28:09] epoch 23 done in 517s ce=0.097 w=0.0000 nuis_corr=0.349 lr=0.0502
[12:28:24]   EVAL epoch 23: KITTI mIoU=24.56  STF mIoU=21.63
[12:37:01] epoch 24 done in 517s ce=0.096 w=0.0000 nuis_corr=0.338 lr=0.0469
[12:45:37] epoch 25 done in 517s ce=0.088 w=0.0000 nuis_corr=0.400 lr=0.0436
[12:54:14] epoch 26 done in 517s ce=0.094 w=0.0000 nuis_corr=0.301 lr=0.0404
[13:02:51] epoch 27 done in 517s ce=0.089 w=0.0000 nuis_corr=0.396 lr=0.0372
[13:11:28] epoch 28 done in 517s ce=0.086 w=0.0000 nuis_corr=0.320 lr=0.0341
[13:20:05] epoch 29 done in 517s ce=0.082 w=0.0000 nuis_corr=0.325 lr=0.0310
[13:28:42] epoch 30 done in 517s ce=0.081 w=0.0000 nuis_corr=0.310 lr=0.0280
[13:37:19] epoch 31 done in 517s ce=0.077 w=0.0000 nuis_corr=0.322 lr=0.0251
[13:37:34]   EVAL epoch 31: KITTI mIoU=26.00  STF mIoU=21.51
[13:46:10] epoch 32 done in 517s ce=0.081 w=0.0000 nuis_corr=0.336 lr=0.0223
[13:54:47] epoch 33 done in 517s ce=0.074 w=0.0000 nuis_corr=0.358 lr=0.0196
[14:03:24] epoch 34 done in 516s ce=0.071 w=0.0000 nuis_corr=0.355 lr=0.0171
[14:12:00] epoch 35 done in 517s ce=0.070 w=0.0000 nuis_corr=0.325 lr=0.0147
[14:20:37] epoch 36 done in 517s ce=0.067 w=0.0000 nuis_corr=0.336 lr=0.0125
[14:29:13] epoch 37 done in 517s ce=0.068 w=0.0000 nuis_corr=0.296 lr=0.0104
[14:37:50] epoch 38 done in 517s ce=0.063 w=0.0000 nuis_corr=0.288 lr=0.0085
[14:46:27] epoch 39 done in 517s ce=0.061 w=0.0000 nuis_corr=0.311 lr=0.0067
[14:46:41]   EVAL epoch 39: KITTI mIoU=27.80  STF mIoU=21.43
[14:55:18] epoch 40 done in 516s ce=0.059 w=0.0000 nuis_corr=0.342 lr=0.0052
[15:03:55] epoch 41 done in 517s ce=0.058 w=0.0000 nuis_corr=0.294 lr=0.0038
[15:12:31] epoch 42 done in 517s ce=0.057 w=0.0000 nuis_corr=0.351 lr=0.0027
[15:21:08] epoch 43 done in 517s ce=0.056 w=0.0000 nuis_corr=0.321 lr=0.0017
[15:29:46] epoch 44 done in 517s ce=0.055 w=0.0000 nuis_corr=0.306 lr=0.0010
[15:38:23] epoch 45 done in 517s ce=0.055 w=0.0000 nuis_corr=0.380 lr=0.0004
[15:47:00] epoch 46 done in 517s ce=0.054 w=0.0000 nuis_corr=0.352 lr=0.0001
[15:55:36] epoch 47 done in 517s ce=0.054 w=0.0000 nuis_corr=0.333 lr=0.0000
[15:55:51]   EVAL epoch 47: KITTI mIoU=28.77  STF mIoU=21.97
[15:55:51] training complete
[kitti] mIoU=29.34  nuis_corr=0.2033295299857855
[stf] mIoU=21.97  nuis_corr=0.24151956420391799
