[07:11:12] SynLiDAR source scans: 19840  mode=none lambda_w=0.0 cr=0.5
[07:21:13] epoch 0 done in 601s ce=0.779 w=0.0000 nuis_corr=0.315 lr=0.0999
[07:31:08] epoch 1 done in 595s ce=0.532 w=0.0000 nuis_corr=0.315 lr=0.0996
[07:41:01] epoch 2 done in 593s ce=0.459 w=0.0000 nuis_corr=0.339 lr=0.0991
[07:50:55] epoch 3 done in 593s ce=0.432 w=0.0000 nuis_corr=0.296 lr=0.0984
[08:00:47] epoch 4 done in 593s ce=0.407 w=0.0000 nuis_corr=0.315 lr=0.0974
[08:10:40] epoch 5 done in 592s ce=0.380 w=0.0000 nuis_corr=0.339 lr=0.0963
[08:20:32] epoch 6 done in 593s ce=0.348 w=0.0000 nuis_corr=0.347 lr=0.0950
[08:30:24] epoch 7 done in 592s ce=0.322 w=0.0000 nuis_corr=0.327 lr=0.0934
[08:40:16] epoch 8 done in 592s ce=0.308 w=0.0000 nuis_corr=0.290 lr=0.0917
[08:50:09] epoch 9 done in 593s ce=0.293 w=0.0000 nuis_corr=0.309 lr=0.0898
[09:00:01] epoch 10 done in 592s ce=0.282 w=0.0000 nuis_corr=0.336 lr=0.0878
[09:09:53] epoch 11 done in 592s ce=0.273 w=0.0000 nuis_corr=0.313 lr=0.0855
[09:10:08]   EVAL epoch 11: KITTI mIoU=26.41  STF mIoU=23.26
[09:20:00] epoch 12 done in 592s ce=0.261 w=0.0000 nuis_corr=0.317 lr=0.0831
[09:29:52] epoch 13 done in 591s ce=0.256 w=0.0000 nuis_corr=0.304 lr=0.0806
[09:39:43] epoch 14 done in 591s ce=0.250 w=0.0000 nuis_corr=0.315 lr=0.0780
[09:49:34] epoch 15 done in 591s ce=0.243 w=0.0000 nuis_corr=0.307 lr=0.0752
[09:59:24] epoch 16 done in 590s ce=0.236 w=0.0000 nuis_corr=0.327 lr=0.0723
[10:09:14] epoch 17 done in 590s ce=0.232 w=0.0000 nuis_corr=0.289 lr=0.0693
[10:19:04] epoch 18 done in 590s ce=0.225 w=0.0000 nuis_corr=0.313 lr=0.0663
[10:28:58] epoch 19 done in 594s ce=0.223 w=0.0000 nuis_corr=0.314 lr=0.0631
[10:38:53] epoch 20 done in 595s ce=0.215 w=0.0000 nuis_corr=0.289 lr=0.0599
[10:48:47] epoch 21 done in 594s ce=0.213 w=0.0000 nuis_corr=0.322 lr=0.0567
[10:58:40] epoch 22 done in 593s ce=0.207 w=0.0000 nuis_corr=0.297 lr=0.0534
[11:08:34] epoch 23 done in 593s ce=0.203 w=0.0000 nuis_corr=0.305 lr=0.0502
[11:08:49]   EVAL epoch 23: KITTI mIoU=30.06  STF mIoU=23.81
[11:18:43] epoch 24 done in 594s ce=0.202 w=0.0000 nuis_corr=0.309 lr=0.0469
[11:28:37] epoch 25 done in 594s ce=0.194 w=0.0000 nuis_corr=0.298 lr=0.0436
[11:38:31] epoch 26 done in 594s ce=0.188 w=0.0000 nuis_corr=0.294 lr=0.0404
[11:48:24] epoch 27 done in 593s ce=0.184 w=0.0000 nuis_corr=0.324 lr=0.0372
[11:58:17] epoch 28 done in 593s ce=0.179 w=0.0000 nuis_corr=0.293 lr=0.0341
[12:08:09] epoch 29 done in 592s ce=0.176 w=0.0000 nuis_corr=0.327 lr=0.0310
[12:18:02] epoch 30 done in 592s ce=0.169 w=0.0000 nuis_corr=0.314 lr=0.0280
[12:27:54] epoch 31 done in 593s ce=0.165 w=0.0000 nuis_corr=0.318 lr=0.0251
[12:37:47] epoch 32 done in 592s ce=0.163 w=0.0000 nuis_corr=0.323 lr=0.0223
[12:47:39] epoch 33 done in 592s ce=0.160 w=0.0000 nuis_corr=0.314 lr=0.0196
[12:57:30] epoch 34 done in 592s ce=0.156 w=0.0000 nuis_corr=0.307 lr=0.0171
[13:07:23] epoch 35 done in 593s ce=0.153 w=0.0000 nuis_corr=0.300 lr=0.0147
[13:07:38]   EVAL epoch 35: KITTI mIoU=25.11  STF mIoU=23.18
[13:17:37] epoch 36 done in 598s ce=0.150 w=0.0000 nuis_corr=0.324 lr=0.0125
[13:27:28] epoch 37 done in 591s ce=0.146 w=0.0000 nuis_corr=0.302 lr=0.0104
[13:37:22] epoch 38 done in 593s ce=0.143 w=0.0000 nuis_corr=0.300 lr=0.0085
[13:47:14] epoch 39 done in 592s ce=0.139 w=0.0000 nuis_corr=0.300 lr=0.0067
[13:57:06] epoch 40 done in 592s ce=0.137 w=0.0000 nuis_corr=0.325 lr=0.0052
[14:06:58] epoch 41 done in 592s ce=0.134 w=0.0000 nuis_corr=0.311 lr=0.0038
[14:16:51] epoch 42 done in 593s ce=0.132 w=0.0000 nuis_corr=0.353 lr=0.0027
[14:26:44] epoch 43 done in 593s ce=0.129 w=0.0000 nuis_corr=0.317 lr=0.0017
[14:36:34] epoch 44 done in 590s ce=0.128 w=0.0000 nuis_corr=0.358 lr=0.0010
[14:46:22] epoch 45 done in 588s ce=0.126 w=0.0000 nuis_corr=0.324 lr=0.0004
[14:56:10] epoch 46 done in 588s ce=0.126 w=0.0000 nuis_corr=0.298 lr=0.0001
[15:05:59] epoch 47 done in 588s ce=0.125 w=0.0000 nuis_corr=0.336 lr=0.0000
[15:06:13]   EVAL epoch 47: KITTI mIoU=27.56  STF mIoU=24.45
[15:06:13] training complete
[kitti] mIoU=27.80  nuis_corr=0.2809852436184883
[stf] mIoU=24.45  nuis_corr=0.2873393980786204
