[06:53:41] held-out probe set: 48 scans (offset-5 stride-10 grid, disjoint from training subset), 12 batches of 4, eval-mode
[06:53:58] none_full: base=0.1112 sharp=0.0532±0.0199 (median 0.0557) [15s]
[06:54:14] none_s2: base=0.0884 sharp=0.0276±0.0111 (median 0.0254) [15s]
[06:54:30] none_s3: base=0.0652 sharp=0.0337±0.0076 (median 0.0337) [16s]
[06:54:46] none_long_s1: base=0.0808 sharp=0.1198±0.0389 (median 0.1131) [16s]
[06:55:02] sam001_s1: base=0.0696 sharp=0.0182±0.0080 (median 0.0162) [16s]
[06:55:18] sam005_full: base=0.0738 sharp=0.0125±0.0032 (median 0.0118) [16s]
[06:55:34] sam005_s2: base=0.0691 sharp=0.0037±0.0013 (median 0.0037) [16s]
[06:55:50] sam005_s3: base=0.0685 sharp=0.0103±0.0047 (median 0.0090) [16s]
[06:56:07] sam010_s1: base=0.0828 sharp=0.0080±0.0027 (median 0.0082) [16s]
[06:56:23] sam020_s1: base=0.1069 sharp=0.0049±0.0031 (median 0.0044) [16s]
[06:56:39] swa_s1: base=0.0763 sharp=0.0329±0.0084 (median 0.0320) [16s]
[06:56:55] swa_s2: base=0.0948 sharp=0.0340±0.0069 (median 0.0332) [16s]
[06:57:12] swa_s3: base=0.0879 sharp=0.0212±0.0099 (median 0.0186) [16s]
[06:57:28] samsens_s1: base=0.0773 sharp=0.0117±0.0062 (median 0.0109) [16s]
[06:57:44] samsens_s2: base=0.0741 sharp=0.0171±0.0046 (median 0.0155) [16s]
[06:58:00] dr_full_s1: base=0.1111 sharp=0.0390±0.0150 (median 0.0368) [16s]
[06:58:16] neg_whiten_main: base=0.0785 sharp=0.0324±0.0074 (median 0.0313) [16s]
[06:58:33] polarmix_s1: base=0.0611 sharp=0.0273±0.0079 (median 0.0252) [16s]
[06:58:49] polarmix_s2: base=0.0570 sharp=0.0206±0.0064 (median 0.0200) [16s]
[06:59:05] polarmix_s3: base=0.0631 sharp=0.0316±0.0090 (median 0.0310) [16s]
[06:59:22] sampolar_s1: base=0.0607 sharp=0.0111±0.0032 (median 0.0108) [16s]
[06:59:38] sampolar_s2: base=0.0580 sharp=0.0105±0.0024 (median 0.0099) [16s]
[06:59:54] sampolar_s3: base=0.0494 sharp=0.0033±0.0008 (median 0.0032) [16s]
[07:00:11] pointdr_s1: base=0.0805 sharp=0.2151±0.0612 (median 0.2128) [16s]
[07:00:27] pointdr_s2: base=0.0737 sharp=0.1932±0.0544 (median 0.1861) [16s]
[07:00:43] pointdr_s3: base=0.0706 sharp=0.2079±0.0631 (median 0.1968) [16s]
[07:00:43] FROZEN cohort n=13: Pearson(mean)=-0.470 K=-0.504 S=-0.323 Spearman=-0.692 log=-0.629
