[23:01:21] SynLiDAR source scans: 19840  mode=none lambda_w=0.0 cr=0.5
[23:06:08] epoch 0 done in 286s ce=0.636 w=0.0000 nuis_corr=0.295 lr=0.0999
[23:10:49] epoch 1 done in 281s ce=0.325 w=0.0000 nuis_corr=0.298 lr=0.0996
[23:15:30] epoch 2 done in 281s ce=0.245 w=0.0000 nuis_corr=0.345 lr=0.0991
[23:20:09] epoch 3 done in 279s ce=0.231 w=0.0000 nuis_corr=0.387 lr=0.0984
[23:24:47] epoch 4 done in 278s ce=0.193 w=0.0000 nuis_corr=0.410 lr=0.0974
[23:29:23] epoch 5 done in 276s ce=0.182 w=0.0000 nuis_corr=0.384 lr=0.0963
[23:33:59] epoch 6 done in 276s ce=0.189 w=0.0000 nuis_corr=0.397 lr=0.0950
[23:38:35] epoch 7 done in 276s ce=0.167 w=0.0000 nuis_corr=0.407 lr=0.0934
[23:38:50]   EVAL epoch 7: KITTI mIoU=20.11  STF mIoU=15.53
[23:43:26] epoch 8 done in 276s ce=0.163 w=0.0000 nuis_corr=0.377 lr=0.0917
[23:48:02] epoch 9 done in 276s ce=0.150 w=0.0000 nuis_corr=0.355 lr=0.0898
[23:52:39] epoch 10 done in 277s ce=0.164 w=0.0000 nuis_corr=0.381 lr=0.0878
[23:57:15] epoch 11 done in 276s ce=0.152 w=0.0000 nuis_corr=0.376 lr=0.0855
[00:01:52] epoch 12 done in 277s ce=0.146 w=0.0000 nuis_corr=0.366 lr=0.0831
[00:06:28] epoch 13 done in 276s ce=0.146 w=0.0000 nuis_corr=0.332 lr=0.0806
[00:11:05] epoch 14 done in 277s ce=0.137 w=0.0000 nuis_corr=0.320 lr=0.0780
[00:15:51] epoch 15 done in 286s ce=0.148 w=0.0000 nuis_corr=0.314 lr=0.0752
[00:16:06]   EVAL epoch 15: KITTI mIoU=27.85  STF mIoU=20.27
[00:20:50] epoch 16 done in 284s ce=0.145 w=0.0000 nuis_corr=0.320 lr=0.0723
[00:25:25] epoch 17 done in 275s ce=0.138 w=0.0000 nuis_corr=0.297 lr=0.0693
[00:30:08] epoch 18 done in 283s ce=0.197 w=0.0000 nuis_corr=0.265 lr=0.0663
[00:34:44] epoch 19 done in 276s ce=0.148 w=0.0000 nuis_corr=0.239 lr=0.0631
[00:39:20] epoch 20 done in 276s ce=0.133 w=0.0000 nuis_corr=0.220 lr=0.0599
[00:43:56] epoch 21 done in 276s ce=0.132 w=0.0000 nuis_corr=0.230 lr=0.0567
[00:48:32] epoch 22 done in 276s ce=0.121 w=0.0000 nuis_corr=0.238 lr=0.0534
[00:53:09] epoch 23 done in 276s ce=0.126 w=0.0000 nuis_corr=0.229 lr=0.0502
[00:53:24]   EVAL epoch 23: KITTI mIoU=25.59  STF mIoU=21.73
[00:58:00] epoch 24 done in 276s ce=0.113 w=0.0000 nuis_corr=0.229 lr=0.0469
[01:02:37] epoch 25 done in 276s ce=0.131 w=0.0000 nuis_corr=0.227 lr=0.0436
[01:07:13] epoch 26 done in 276s ce=0.112 w=0.0000 nuis_corr=0.234 lr=0.0404
[01:11:49] epoch 27 done in 276s ce=0.101 w=0.0000 nuis_corr=0.229 lr=0.0372
[01:16:26] epoch 28 done in 277s ce=0.115 w=0.0000 nuis_corr=0.220 lr=0.0341
[01:21:02] epoch 29 done in 276s ce=0.108 w=0.0000 nuis_corr=0.238 lr=0.0310
[01:25:38] epoch 30 done in 276s ce=0.109 w=0.0000 nuis_corr=0.212 lr=0.0280
[01:30:15] epoch 31 done in 276s ce=0.098 w=0.0000 nuis_corr=0.218 lr=0.0251
[01:30:30]   EVAL epoch 31: KITTI mIoU=27.90  STF mIoU=20.88
[01:35:06] epoch 32 done in 276s ce=0.099 w=0.0000 nuis_corr=0.237 lr=0.0223
[01:39:42] epoch 33 done in 276s ce=0.085 w=0.0000 nuis_corr=0.219 lr=0.0196
[01:44:19] epoch 34 done in 276s ce=0.082 w=0.0000 nuis_corr=0.227 lr=0.0171
[01:48:55] epoch 35 done in 276s ce=0.078 w=0.0000 nuis_corr=0.258 lr=0.0147
[01:53:31] epoch 36 done in 276s ce=0.074 w=0.0000 nuis_corr=0.213 lr=0.0125
[01:58:08] epoch 37 done in 276s ce=0.070 w=0.0000 nuis_corr=0.226 lr=0.0104
[02:02:44] epoch 38 done in 276s ce=0.068 w=0.0000 nuis_corr=0.231 lr=0.0085
[02:07:20] epoch 39 done in 276s ce=0.066 w=0.0000 nuis_corr=0.206 lr=0.0067
[02:07:35]   EVAL epoch 39: KITTI mIoU=27.64  STF mIoU=19.81
[02:12:11] epoch 40 done in 276s ce=0.064 w=0.0000 nuis_corr=0.226 lr=0.0052
[02:16:48] epoch 41 done in 277s ce=0.062 w=0.0000 nuis_corr=0.225 lr=0.0038
[02:21:30] epoch 42 done in 281s ce=0.061 w=0.0000 nuis_corr=0.220 lr=0.0027
[02:26:06] epoch 43 done in 276s ce=0.060 w=0.0000 nuis_corr=0.247 lr=0.0017
[02:30:42] epoch 44 done in 276s ce=0.059 w=0.0000 nuis_corr=0.217 lr=0.0010
[02:35:18] epoch 45 done in 276s ce=0.058 w=0.0000 nuis_corr=0.234 lr=0.0004
[02:39:54] epoch 46 done in 276s ce=0.058 w=0.0000 nuis_corr=0.202 lr=0.0001
[02:44:30] epoch 47 done in 276s ce=0.058 w=0.0000 nuis_corr=0.227 lr=0.0000
[02:44:45]   EVAL epoch 47: KITTI mIoU=27.11  STF mIoU=20.42
[02:44:45] applying SWA average over 12 epochs + recalibrating BN
[02:45:04]   SWA EVAL: KITTI mIoU=27.57  STF mIoU=20.95
[02:45:04] training complete
[kitti] mIoU=28.75  nuis_corr=0.16118562184274196
[stf] mIoU=20.95  nuis_corr=0.1856900217011571
