[22:33:44] SynLiDAR source scans: 19840  mode=none lambda_w=0.0 cr=0.5
[22:38:23] epoch 0 done in 279s ce=0.606 w=0.0000 nuis_corr=0.262 lr=0.0999
[22:42:56] epoch 1 done in 272s ce=0.282 w=0.0000 nuis_corr=0.282 lr=0.0996
[22:47:28] epoch 2 done in 272s ce=0.221 w=0.0000 nuis_corr=0.362 lr=0.0991
[22:52:00] epoch 3 done in 272s ce=0.190 w=0.0000 nuis_corr=0.324 lr=0.0984
[22:56:31] epoch 4 done in 272s ce=0.180 w=0.0000 nuis_corr=0.350 lr=0.0974
[23:01:03] epoch 5 done in 272s ce=0.161 w=0.0000 nuis_corr=0.389 lr=0.0963
[23:05:35] epoch 6 done in 272s ce=0.167 w=0.0000 nuis_corr=0.407 lr=0.0950
[23:10:06] epoch 7 done in 272s ce=0.155 w=0.0000 nuis_corr=0.403 lr=0.0934
[23:10:21]   EVAL epoch 7: KITTI mIoU=18.30  STF mIoU=12.71
[23:14:53] epoch 8 done in 272s ce=0.143 w=0.0000 nuis_corr=0.374 lr=0.0917
[23:19:25] epoch 9 done in 272s ce=0.152 w=0.0000 nuis_corr=0.365 lr=0.0898
[23:23:56] epoch 10 done in 272s ce=0.141 w=0.0000 nuis_corr=0.338 lr=0.0878
[23:28:28] epoch 11 done in 272s ce=0.140 w=0.0000 nuis_corr=0.330 lr=0.0855
[23:32:59] epoch 12 done in 271s ce=0.147 w=0.0000 nuis_corr=0.331 lr=0.0831
[23:37:31] epoch 13 done in 271s ce=0.133 w=0.0000 nuis_corr=0.339 lr=0.0806
[23:42:02] epoch 14 done in 271s ce=0.126 w=0.0000 nuis_corr=0.353 lr=0.0780
[23:46:33] epoch 15 done in 271s ce=0.137 w=0.0000 nuis_corr=0.338 lr=0.0752
[23:46:48]   EVAL epoch 15: KITTI mIoU=22.91  STF mIoU=17.85
[23:51:19] epoch 16 done in 271s ce=0.126 w=0.0000 nuis_corr=0.370 lr=0.0723
[23:55:50] epoch 17 done in 271s ce=0.125 w=0.0000 nuis_corr=0.353 lr=0.0693
[00:00:21] epoch 18 done in 271s ce=0.119 w=0.0000 nuis_corr=0.329 lr=0.0663
[00:04:52] epoch 19 done in 271s ce=0.133 w=0.0000 nuis_corr=0.289 lr=0.0631
[00:09:24] epoch 20 done in 272s ce=0.130 w=0.0000 nuis_corr=0.335 lr=0.0599
[00:13:56] epoch 21 done in 272s ce=0.128 w=0.0000 nuis_corr=0.324 lr=0.0567
[00:18:28] epoch 22 done in 272s ce=0.120 w=0.0000 nuis_corr=0.315 lr=0.0534
[00:23:00] epoch 23 done in 272s ce=0.141 w=0.0000 nuis_corr=0.304 lr=0.0502
[00:23:15]   EVAL epoch 23: KITTI mIoU=25.76  STF mIoU=21.19
[00:27:47] epoch 24 done in 272s ce=0.122 w=0.0000 nuis_corr=0.302 lr=0.0469
[00:32:19] epoch 25 done in 271s ce=0.116 w=0.0000 nuis_corr=0.361 lr=0.0436
[00:36:50] epoch 26 done in 272s ce=0.111 w=0.0000 nuis_corr=0.292 lr=0.0404
[00:41:22] epoch 27 done in 272s ce=0.108 w=0.0000 nuis_corr=0.323 lr=0.0372
[00:45:54] epoch 28 done in 272s ce=0.114 w=0.0000 nuis_corr=0.285 lr=0.0341
[00:50:26] epoch 29 done in 272s ce=0.119 w=0.0000 nuis_corr=0.312 lr=0.0310
[00:54:58] epoch 30 done in 272s ce=0.114 w=0.0000 nuis_corr=0.278 lr=0.0280
[00:59:30] epoch 31 done in 272s ce=0.091 w=0.0000 nuis_corr=0.298 lr=0.0251
[00:59:45]   EVAL epoch 31: KITTI mIoU=27.00  STF mIoU=20.78
[01:04:16] epoch 32 done in 272s ce=0.086 w=0.0000 nuis_corr=0.302 lr=0.0223
[01:08:48] epoch 33 done in 272s ce=0.093 w=0.0000 nuis_corr=0.328 lr=0.0196
[01:13:20] epoch 34 done in 272s ce=0.087 w=0.0000 nuis_corr=0.315 lr=0.0171
[01:17:52] epoch 35 done in 272s ce=0.082 w=0.0000 nuis_corr=0.300 lr=0.0147
[01:22:24] epoch 36 done in 272s ce=0.084 w=0.0000 nuis_corr=0.310 lr=0.0125
[01:26:56] epoch 37 done in 272s ce=0.081 w=0.0000 nuis_corr=0.301 lr=0.0104
[01:31:28] epoch 38 done in 272s ce=0.076 w=0.0000 nuis_corr=0.275 lr=0.0085
[01:36:00] epoch 39 done in 272s ce=0.074 w=0.0000 nuis_corr=0.258 lr=0.0067
[01:36:15]   EVAL epoch 39: KITTI mIoU=24.94  STF mIoU=21.10
[01:40:47] epoch 40 done in 272s ce=0.071 w=0.0000 nuis_corr=0.268 lr=0.0052
[01:45:19] epoch 41 done in 272s ce=0.070 w=0.0000 nuis_corr=0.220 lr=0.0038
[01:49:52] epoch 42 done in 272s ce=0.068 w=0.0000 nuis_corr=0.290 lr=0.0027
[01:54:24] epoch 43 done in 272s ce=0.065 w=0.0000 nuis_corr=0.267 lr=0.0017
[01:58:56] epoch 44 done in 272s ce=0.063 w=0.0000 nuis_corr=0.259 lr=0.0010
[02:03:28] epoch 45 done in 272s ce=0.062 w=0.0000 nuis_corr=0.309 lr=0.0004
[02:08:00] epoch 46 done in 272s ce=0.061 w=0.0000 nuis_corr=0.273 lr=0.0001
[02:12:33] epoch 47 done in 272s ce=0.061 w=0.0000 nuis_corr=0.289 lr=0.0000
[02:12:47]   EVAL epoch 47: KITTI mIoU=26.63  STF mIoU=20.89
[02:12:47] applying SWA average over 12 epochs + recalibrating BN
[02:13:07]   SWA EVAL: KITTI mIoU=26.59  STF mIoU=21.23
[02:13:07] training complete
[kitti] mIoU=27.14  nuis_corr=0.19518978092819453
[stf] mIoU=21.23  nuis_corr=0.21231430023908615
