[00:17:46] SynLiDAR source scans: 19840  mode=none lambda_w=0.0 cr=0.5
[00:23:11] epoch 0 done in 324s ce=0.774 w=0.0000 nuis_corr=0.279 lr=0.0999
[00:28:07] epoch 1 done in 296s ce=0.554 w=0.0000 nuis_corr=0.307 lr=0.0996
[00:33:02] epoch 2 done in 295s ce=0.494 w=0.0000 nuis_corr=0.275 lr=0.0991
[00:37:56] epoch 3 done in 293s ce=0.429 w=0.0000 nuis_corr=0.350 lr=0.0984
[00:42:49] epoch 4 done in 293s ce=0.376 w=0.0000 nuis_corr=0.351 lr=0.0974
[00:47:42] epoch 5 done in 293s ce=0.335 w=0.0000 nuis_corr=0.342 lr=0.0963
[00:52:36] epoch 6 done in 295s ce=0.316 w=0.0000 nuis_corr=0.328 lr=0.0950
[00:57:29] epoch 7 done in 292s ce=0.297 w=0.0000 nuis_corr=0.338 lr=0.0934
[01:02:21] epoch 8 done in 293s ce=0.286 w=0.0000 nuis_corr=0.337 lr=0.0917
[01:07:15] epoch 9 done in 293s ce=0.277 w=0.0000 nuis_corr=0.342 lr=0.0898
[01:12:08] epoch 10 done in 294s ce=0.294 w=0.0000 nuis_corr=0.332 lr=0.0878
[01:17:01] epoch 11 done in 293s ce=0.275 w=0.0000 nuis_corr=0.330 lr=0.0855
[01:17:16]   EVAL epoch 11: KITTI mIoU=19.05  STF mIoU=19.88
[01:22:09] epoch 12 done in 293s ce=0.275 w=0.0000 nuis_corr=0.345 lr=0.0831
[01:27:02] epoch 13 done in 293s ce=0.256 w=0.0000 nuis_corr=0.329 lr=0.0806
[01:31:54] epoch 14 done in 293s ce=0.259 w=0.0000 nuis_corr=0.335 lr=0.0780
[01:36:47] epoch 15 done in 293s ce=0.258 w=0.0000 nuis_corr=0.350 lr=0.0752
[01:41:39] epoch 16 done in 292s ce=0.248 w=0.0000 nuis_corr=0.378 lr=0.0723
[01:46:32] epoch 17 done in 293s ce=0.256 w=0.0000 nuis_corr=0.355 lr=0.0693
[01:51:25] epoch 18 done in 293s ce=0.233 w=0.0000 nuis_corr=0.323 lr=0.0663
[01:56:18] epoch 19 done in 293s ce=0.217 w=0.0000 nuis_corr=0.334 lr=0.0631
[02:01:11] epoch 20 done in 293s ce=0.222 w=0.0000 nuis_corr=0.319 lr=0.0599
[02:06:04] epoch 21 done in 293s ce=0.218 w=0.0000 nuis_corr=0.321 lr=0.0567
[02:10:58] epoch 22 done in 293s ce=0.213 w=0.0000 nuis_corr=0.349 lr=0.0534
[02:15:50] epoch 23 done in 293s ce=0.207 w=0.0000 nuis_corr=0.327 lr=0.0502
[02:16:05]   EVAL epoch 23: KITTI mIoU=22.53  STF mIoU=21.68
[02:20:58] epoch 24 done in 293s ce=0.204 w=0.0000 nuis_corr=0.335 lr=0.0469
[02:25:51] epoch 25 done in 293s ce=0.200 w=0.0000 nuis_corr=0.364 lr=0.0436
[02:30:44] epoch 26 done in 293s ce=0.198 w=0.0000 nuis_corr=0.317 lr=0.0404
[02:35:37] epoch 27 done in 293s ce=0.192 w=0.0000 nuis_corr=0.351 lr=0.0372
[02:40:30] epoch 28 done in 293s ce=0.185 w=0.0000 nuis_corr=0.409 lr=0.0341
[02:45:23] epoch 29 done in 293s ce=0.181 w=0.0000 nuis_corr=0.347 lr=0.0310
[02:50:15] epoch 30 done in 292s ce=0.176 w=0.0000 nuis_corr=0.325 lr=0.0280
[02:55:07] epoch 31 done in 293s ce=0.172 w=0.0000 nuis_corr=0.330 lr=0.0251
[03:00:00] epoch 32 done in 293s ce=0.167 w=0.0000 nuis_corr=0.362 lr=0.0223
[03:04:53] epoch 33 done in 293s ce=0.159 w=0.0000 nuis_corr=0.362 lr=0.0196
[03:09:45] epoch 34 done in 292s ce=0.155 w=0.0000 nuis_corr=0.297 lr=0.0171
[03:14:39] epoch 35 done in 294s ce=0.152 w=0.0000 nuis_corr=0.351 lr=0.0147
[03:14:54]   EVAL epoch 35: KITTI mIoU=26.30  STF mIoU=24.66
[03:19:47] epoch 36 done in 292s ce=0.149 w=0.0000 nuis_corr=0.267 lr=0.0125
[03:24:40] epoch 37 done in 293s ce=0.142 w=0.0000 nuis_corr=0.306 lr=0.0104
[03:29:32] epoch 38 done in 293s ce=0.137 w=0.0000 nuis_corr=0.334 lr=0.0085
[03:34:25] epoch 39 done in 292s ce=0.133 w=0.0000 nuis_corr=0.352 lr=0.0067
[03:39:18] epoch 40 done in 293s ce=0.128 w=0.0000 nuis_corr=0.352 lr=0.0052
[03:44:11] epoch 41 done in 294s ce=0.124 w=0.0000 nuis_corr=0.345 lr=0.0038
[03:49:04] epoch 42 done in 293s ce=0.120 w=0.0000 nuis_corr=0.320 lr=0.0027
[03:53:58] epoch 43 done in 293s ce=0.118 w=0.0000 nuis_corr=0.347 lr=0.0017
[03:58:51] epoch 44 done in 293s ce=0.115 w=0.0000 nuis_corr=0.353 lr=0.0010
[04:03:45] epoch 45 done in 293s ce=0.113 w=0.0000 nuis_corr=0.338 lr=0.0004
[04:08:37] epoch 46 done in 292s ce=0.111 w=0.0000 nuis_corr=0.386 lr=0.0001
[04:13:32] epoch 47 done in 295s ce=0.111 w=0.0000 nuis_corr=0.359 lr=0.0000
[04:13:47]   EVAL epoch 47: KITTI mIoU=28.12  STF mIoU=24.55
[04:13:47] training complete
[kitti] mIoU=28.28  nuis_corr=0.27875179760158064
[stf] mIoU=24.56  nuis_corr=0.28270404767245055
