[10:33:34] SynLiDAR source scans: 19840  mode=none lambda_w=0.0 cr=0.5
[10:39:35] epoch 0 done in 361s ce=0.770 w=0.0000 nuis_corr=0.336 lr=0.0999
[10:44:25] epoch 1 done in 289s ce=0.541 w=0.0000 nuis_corr=0.350 lr=0.0996
[10:49:14] epoch 2 done in 289s ce=0.455 w=0.0000 nuis_corr=0.362 lr=0.0991
[10:54:04] epoch 3 done in 290s ce=0.411 w=0.0000 nuis_corr=0.333 lr=0.0984
[10:58:53] epoch 4 done in 289s ce=0.375 w=0.0000 nuis_corr=0.321 lr=0.0974
[11:03:42] epoch 5 done in 289s ce=0.350 w=0.0000 nuis_corr=0.344 lr=0.0963
[11:08:31] epoch 6 done in 290s ce=0.331 w=0.0000 nuis_corr=0.337 lr=0.0950
[11:13:21] epoch 7 done in 289s ce=0.319 w=0.0000 nuis_corr=0.330 lr=0.0934
[11:18:10] epoch 8 done in 290s ce=0.298 w=0.0000 nuis_corr=0.315 lr=0.0917
[11:23:00] epoch 9 done in 289s ce=0.288 w=0.0000 nuis_corr=0.345 lr=0.0898
[11:27:49] epoch 10 done in 289s ce=0.276 w=0.0000 nuis_corr=0.357 lr=0.0878
[11:32:38] epoch 11 done in 289s ce=0.269 w=0.0000 nuis_corr=0.365 lr=0.0855
[11:32:53]   EVAL epoch 11: KITTI mIoU=26.00  STF mIoU=22.15
[11:37:42] epoch 12 done in 289s ce=0.260 w=0.0000 nuis_corr=0.368 lr=0.0831
[11:42:31] epoch 13 done in 289s ce=0.254 w=0.0000 nuis_corr=0.367 lr=0.0806
[11:47:21] epoch 14 done in 289s ce=0.249 w=0.0000 nuis_corr=0.370 lr=0.0780
[11:52:10] epoch 15 done in 289s ce=0.244 w=0.0000 nuis_corr=0.388 lr=0.0752
[11:56:59] epoch 16 done in 289s ce=0.239 w=0.0000 nuis_corr=0.389 lr=0.0723
[12:01:48] epoch 17 done in 289s ce=0.230 w=0.0000 nuis_corr=0.340 lr=0.0693
[12:06:36] epoch 18 done in 289s ce=0.233 w=0.0000 nuis_corr=0.385 lr=0.0663
[12:11:25] epoch 19 done in 289s ce=0.223 w=0.0000 nuis_corr=0.372 lr=0.0631
[12:16:13] epoch 20 done in 288s ce=0.217 w=0.0000 nuis_corr=0.347 lr=0.0599
[12:21:03] epoch 21 done in 289s ce=0.218 w=0.0000 nuis_corr=0.381 lr=0.0567
[12:25:51] epoch 22 done in 289s ce=0.214 w=0.0000 nuis_corr=0.371 lr=0.0534
[12:30:41] epoch 23 done in 289s ce=0.205 w=0.0000 nuis_corr=0.363 lr=0.0502
[12:30:55]   EVAL epoch 23: KITTI mIoU=28.56  STF mIoU=24.56
[12:35:44] epoch 24 done in 289s ce=0.200 w=0.0000 nuis_corr=0.368 lr=0.0469
[12:40:33] epoch 25 done in 289s ce=0.195 w=0.0000 nuis_corr=0.364 lr=0.0436
[12:45:21] epoch 26 done in 289s ce=0.192 w=0.0000 nuis_corr=0.364 lr=0.0404
[12:50:10] epoch 27 done in 289s ce=0.188 w=0.0000 nuis_corr=0.397 lr=0.0372
[12:54:59] epoch 28 done in 289s ce=0.185 w=0.0000 nuis_corr=0.356 lr=0.0341
[12:59:47] epoch 29 done in 289s ce=0.183 w=0.0000 nuis_corr=0.371 lr=0.0310
[13:04:36] epoch 30 done in 289s ce=0.175 w=0.0000 nuis_corr=0.368 lr=0.0280
[13:09:25] epoch 31 done in 289s ce=0.171 w=0.0000 nuis_corr=0.375 lr=0.0251
[13:14:14] epoch 32 done in 289s ce=0.168 w=0.0000 nuis_corr=0.382 lr=0.0223
[13:19:03] epoch 33 done in 289s ce=0.166 w=0.0000 nuis_corr=0.378 lr=0.0196
[13:23:51] epoch 34 done in 288s ce=0.159 w=0.0000 nuis_corr=0.368 lr=0.0171
[13:28:39] epoch 35 done in 288s ce=0.152 w=0.0000 nuis_corr=0.356 lr=0.0147
[13:28:54]   EVAL epoch 35: KITTI mIoU=25.99  STF mIoU=23.78
[13:33:43] epoch 36 done in 289s ce=0.148 w=0.0000 nuis_corr=0.383 lr=0.0125
[13:38:32] epoch 37 done in 289s ce=0.145 w=0.0000 nuis_corr=0.370 lr=0.0104
[13:43:20] epoch 38 done in 289s ce=0.140 w=0.0000 nuis_corr=0.357 lr=0.0085
[13:48:08] epoch 39 done in 288s ce=0.134 w=0.0000 nuis_corr=0.363 lr=0.0067
[13:52:57] epoch 40 done in 289s ce=0.130 w=0.0000 nuis_corr=0.357 lr=0.0052
[13:57:45] epoch 41 done in 288s ce=0.127 w=0.0000 nuis_corr=0.360 lr=0.0038
[14:02:35] epoch 42 done in 289s ce=0.123 w=0.0000 nuis_corr=0.398 lr=0.0027
[14:07:24] epoch 43 done in 289s ce=0.119 w=0.0000 nuis_corr=0.375 lr=0.0017
[14:12:12] epoch 44 done in 288s ce=0.117 w=0.0000 nuis_corr=0.399 lr=0.0010
[14:17:00] epoch 45 done in 288s ce=0.115 w=0.0000 nuis_corr=0.356 lr=0.0004
[14:21:49] epoch 46 done in 289s ce=0.114 w=0.0000 nuis_corr=0.356 lr=0.0001
[14:26:38] epoch 47 done in 289s ce=0.113 w=0.0000 nuis_corr=0.386 lr=0.0000
[14:26:52]   EVAL epoch 47: KITTI mIoU=27.55  STF mIoU=23.37
[14:26:53] training complete
[kitti] mIoU=28.52  nuis_corr=0.3352840423583984
[stf] mIoU=23.37  nuis_corr=0.3410386487841606
